Archive member included       because of file (symbol)

/usr/local/openravenscar/lib/gcc-lib/sparc-ork-elf/2.8.1/adalib/libgnarl.a(a-reatim.o)
                              ./devices.o (ada__real_time__clock)
/usr/local/openravenscar/lib/gcc-lib/sparc-ork-elf/2.8.1/adalib/libgnarl.a(a-retide.o)
                              ./add.o (ada__real_time__delays__delay_until)
/usr/local/openravenscar/lib/gcc-lib/sparc-ork-elf/2.8.1/adalib/libgnarl.a(s-taprob.o)
                              ./devices.o (system__tasking__protected_objects__initialize_protection)
/usr/local/openravenscar/lib/gcc-lib/sparc-ork-elf/2.8.1/adalib/libgnarl.a(s-taprop.o)
                              /usr/local/openravenscar/lib/gcc-lib/sparc-ork-elf/2.8.1/adalib/libgnarl.a(a-retide.o) (system__task_primitives__operations__self)
/usr/local/openravenscar/lib/gcc-lib/sparc-ork-elf/2.8.1/adalib/libgnarl.a(s-tarest.o)
                              ./add.o (system__tasking__restricted__stages__create_restricted_task)
/usr/local/openravenscar/lib/gcc-lib/sparc-ork-elf/2.8.1/adalib/libgnarl.a(s-tasdeb.o)
                              b~main.o (system__tasking__debug___elabs)
/usr/local/openravenscar/lib/gcc-lib/sparc-ork-elf/2.8.1/adalib/libgnarl.a(s-taskin.o)
                              /usr/local/openravenscar/lib/gcc-lib/sparc-ork-elf/2.8.1/adalib/libgnarl.a(s-tasdeb.o) (system__tasking__task_statesT)
/usr/local/openravenscar/lib/gcc-lib/sparc-ork-elf/2.8.1/adalib/libgnarl.a(s-taspri.o)
                              /usr/local/openravenscar/lib/gcc-lib/sparc-ork-elf/2.8.1/adalib/libgnarl.a(s-taskin.o) (system__task_primitives___init_proc)
/usr/local/openravenscar/lib/gcc-lib/sparc-ork-elf/2.8.1/adalib/libgnarl.a(kernel-interrupts.o)
                              b~main.o (kernel__interrupts___elabb)
/usr/local/openravenscar/lib/gcc-lib/sparc-ork-elf/2.8.1/adalib/libgnarl.a(kernel-threads.o)
                              b~main.o (kernel__threads___elabs)
/usr/local/openravenscar/lib/gcc-lib/sparc-ork-elf/2.8.1/adalib/libgnarl.a(kernel-threads-atcb.o)
                              /usr/local/openravenscar/lib/gcc-lib/sparc-ork-elf/2.8.1/adalib/libgnarl.a(s-taprop.o) (kernel__threads__atcb__set_atcb)
/usr/local/openravenscar/lib/gcc-lib/sparc-ork-elf/2.8.1/adalib/libgnarl.a(kernel-threads-queues.o)
                              /usr/local/openravenscar/lib/gcc-lib/sparc-ork-elf/2.8.1/adalib/libgnarl.a(s-taprop.o) (running_thread)
/usr/local/openravenscar/lib/gcc-lib/sparc-ork-elf/2.8.1/adalib/libgnarl.a(kernel-threads-protection.o)
                              /usr/local/openravenscar/lib/gcc-lib/sparc-ork-elf/2.8.1/adalib/libgnarl.a(kernel-threads.o) (kernel__threads__protection__dispatch)
/usr/local/openravenscar/lib/gcc-lib/sparc-ork-elf/2.8.1/adalib/libgnarl.a(kernel-time.o)
                              /usr/local/openravenscar/lib/gcc-lib/sparc-ork-elf/2.8.1/adalib/libgnarl.a(s-taprop.o) (kernel_clock)
/usr/local/openravenscar/lib/gcc-lib/sparc-ork-elf/2.8.1/adalib/libgnarl.a(kernel-memory.o)
                              /usr/local/openravenscar/sparc-ork-elf/lib/ada_crt0.o (environment_stack)
/usr/local/openravenscar/lib/gcc-lib/sparc-ork-elf/2.8.1/adalib/libgnarl.a(kernel-cpu_primitives.o)
                              /usr/local/openravenscar/lib/gcc-lib/sparc-ork-elf/2.8.1/adalib/libgnarl.a(kernel-threads-protection.o) (kernel__cpu_primitives__context_switch)
/usr/local/openravenscar/lib/gcc-lib/sparc-ork-elf/2.8.1/adalib/libgnarl.a(kernel-peripherals-registers.o)
                              b~main.o (kernel__peripherals__registers___elabs)
/usr/local/openravenscar/lib/gcc-lib/sparc-ork-elf/2.8.1/adalib/libgnarl.a(kernel-peripherals.o)
                              /usr/local/openravenscar/lib/gcc-lib/sparc-ork-elf/2.8.1/adalib/libgnarl.a(kernel-interrupts.o) (kernel__peripherals__to_vector)
/usr/local/openravenscar/lib/gcc-lib/sparc-ork-elf/2.8.1/adalib/libgnarl.a(kernel-serial_output.o)
                              ./devices.o (kernel__serial_output__put__2)
/usr/local/openravenscar/lib/gcc-lib/sparc-ork-elf/2.8.1/adalib/libgnarl.a(context.o)
                              /usr/local/openravenscar/sparc-ork-elf/lib/ada_crt0.o (context_trap)
/usr/local/openravenscar/lib/gcc-lib/sparc-ork-elf/2.8.1/adalib/libgnarl.a(install_handler.o)
                              /usr/local/openravenscar/sparc-ork-elf/lib/ada_crt0.o (FP_Save_Pending)
/usr/local/openravenscar/lib/gcc-lib/sparc-ork-elf/2.8.1/adalib/libgnarl.a(int_level.o)
                              /usr/local/openravenscar/lib/gcc-lib/sparc-ork-elf/2.8.1/adalib/libgnarl.a(kernel-threads-protection.o) (disable_interrupts)
/usr/local/openravenscar/lib/gcc-lib/sparc-ork-elf/2.8.1/adalib/libgnat.a(a-except.o)
                              b~main.o (ada__exceptions___elabs)
/usr/local/openravenscar/lib/gcc-lib/sparc-ork-elf/2.8.1/adalib/libgnat.a(a-filico.o)
                              b~main.o (ada__finalization__list_controller___elabs)
[...]
Memory Configuration

Name             Origin             Length             Attributes
rom              0x00000000         0x00200000         xr
ram              0x02000000         0x003f8000         xrw
*default*        0x00000000         0xffffffff

Linker script and memory map

                0x00200000                PROM_SIZE=0x200000
                0x00400000                RAM_SIZE=0x400000
                0x00000000                PROM_START=0x0
                0x00200000                PROM_END=(PROM_START+PROM_SIZE)
                0x02000000                RAM_START=0x2000000
                0x02400000                RAM_END=(RAM_START+RAM_SIZE)

.text           0x02000000    0x30830
 CREATE_OBJECT_SYMBOLS
                0x02000000                text_start=.
 *(.text)
 .text          0x02000000     0x1384 /usr/local/openravenscar/sparc-ork-elf/lib/ada_crt0.o
                0x020011bc                __exit
                0x02000000                trap_table
                0x02000000                start
                0x020011bc                _exit
 .text          0x02001384      0x24c b~main.o
                0x020015b8                ada_main___elabb
                0x02001384                adainit
                0x02001538                main
                0x0200151c                adafinal
 .text          0x020015d0       0x1c ./main.o
                0x020015d0                _ada_main
 .text          0x020015ec     0x50d8 ./devices.o
                0x02004c48                devices___init_proc__6
                0x020058f8                devices__display_distance
                0x02005ba0                devices__display_electrodes_sample
                0x02001788                devices__reading_sensors
                0x02003528                devices__reading_speed
                0x02005ab4                devices__display_headposition_sample
                0x02005a20                devices__display_steering
                0x02004094                devices___init_proc__5
                0x02001728                devices___init_proc
                0x020028fc                devices___init_proc__3
                0x02006318                devices(bool,...)(...)( *)
                0x02001d98                devices__reading_eyesimage
                0x0200598c                devices__display_speed
                0x0200664c                devices___elabb
                0x020065f0                devices__activate_brake
                0x02004ca8                devices__reading_steering
                0x02005eb8                devices__display_cronometro
                0x02006230                devices__light
                0x020034c8                devices___init_proc__4
                0x020040f4                devices__reading_headposition
                0x0200295c                devices__reading_distance
                0x02006594                devices__activate_automatic_driving
                0x02001d38                devices___init_proc__2
                0x020015ec                devices___elabs
                0x02005c8c                devices__display_eyes_sample
                0x02005814                devices__display_pulse_rate
 .text          0x020066c4      0x9a8 ./workload.o
                0x020066c4                workload___elabs
                0x02006ac4                workload__small_whetstone
                0x02007054                workload___elabb
 .text          0x0200706c      0x848 ./tools.o
                0x02007884                tools___elabb
                0x02007810                tools__execution_time
                0x02007760                tools__finishing_notice
                0x020076b0                tools__starting_notice
                0x0200706c                tools___elabs
                0x02007358                tools__print_an_integer
                0x02007510                tools__print_a_float
                0x020070b8                tools__current_time
 .text          0x020078b4      0xed4 ./add.o
                0x020079e8                add___init_proc__3
                0x020078f0                add___init_proc
                0x020078b4                add__background
                0x02008610                add___elabb
                0x02007924                add___init_proc__2
 .text          0x02008788      0x5e4 /usr/local/openravenscar/lib/gcc-lib/sparc-ork-elf/2.8.1/adalib/libgnarl.a(a-reatim.o)
                0x020087b4                ada__real_time__Oadd__2
                0x02008988                ada__real_time__split
                0x020087a4                ada__real_time__Oadd
                0x02008804                ada__real_time__Osubtract__4
                0x02008908                ada__real_time__nanoseconds
                0x02008874                ada__real_time__Odivide__2
                0x02008830                ada__real_time__Odivide
                0x020087e4                ada__real_time__Osubtract__2
                0x020088f8                ada__real_time__to_duration
                0x02008ca0                ada__real_time__time_of
                0x020087c4                ada__real_time__Oadd__3
                0x02008958                ada__real_time__milliseconds
                0x02008788                ada__real_time__clock
                0x0200892c                ada__real_time__microseconds
                0x020087d4                ada__real_time__Osubtract
                0x020087f4                ada__real_time__Osubtract__3
                0x02008900                ada__real_time__to_time_span
                0x020088cc                ada__real_time__Omultiply__2
                0x020088a0                ada__real_time__Omultiply
 .text          0x02008d6c       0x68 /usr/local/openravenscar/lib/gcc-lib/sparc-ork-elf/2.8.1/adalib/libgnarl.a(a-retide.o)
                0x02008db0                ada__real_time__delays__to_duration
                0x02008d6c                ada__real_time__delays__delay_until
 .text          0x02008dd4      0x10c /usr/local/openravenscar/lib/gcc-lib/sparc-ork-elf/2.8.1/adalib/libgnarl.a(s-taprob.o)
                0x02008ec0                system__tasking__protected_objects___init_proc
                0x02008e90                system__tasking__protected_objects__unlock
                0x02008e00                system__tasking__protected_objects__lock
                0x02008ecc                system__tasking__protected_objects___init_proc__2
                0x02008dd4                system__tasking__protected_objects__initialize_protection
                0x02008e48                system__tasking__protected_objects__lock_read_only
                0x02008ea8                system__tasking__protected_objects__finalize_protection
 .text          0x02008ee0      0x978 /usr/local/openravenscar/lib/gcc-lib/sparc-ork-elf/2.8.1/adalib/libgnarl.a(s-taprop.o)
                0x02009160                system__task_primitives__operations__get_priority
                0x02008fd8                system__task_primitives__operations__unlock__2
                0x02009338                system__task_primitives__operations__check_no_locks
                0x02008f5c                system__task_primitives__operations__write_lock
                0x02009398                system__task_primitives__operations__resume_task
                0x02009418                system__task_primitives__operations___elabb
                0x020090a4                system__task_primitives__operations__clock
                0x02008f78                system__task_primitives__operations__write_lock__2
                0x02008f18                system__task_primitives__operations__get_thread_id
                0x0200902c                system__task_primitives__operations__timed_delay
                0x02009140                system__task_primitives__operations__set_priority
                0x02009008                system__task_primitives__operations__timed_sleep
                0x02008efc                system__task_primitives__operations__self
                0x02008ff0                system__task_primitives__operations__sleep
                0x0200931c                system__task_primitives__operations__set_exit_task_procedure
                0x02008fc4                system__task_primitives__operations__unlock
                0x02009350                system__task_primitives__operations__environment_task
                0x02008f24                system__task_primitives__operations__initialize_lock
                0x0200964c                system__task_primitives__operations___init_proc
                0x02009300                system__task_primitives__operations__exit_task
                0x020090c8                system__task_primitives__operations__wakeup
                0x02008ee0                system__task_primitives__operations__set
                0x02009328                system__task_primitives__operations__abort_task
                0x0200935c                system__task_primitives__operations__lock_all_tasks_list
                0x02008f90                system__task_primitives__operations__write_lock__3
                0x020092f0                system__task_primitives__operations__finalize_tcb
                0x020091dc                system__task_primitives__operations__new_atcb
                0x02009390                system__task_primitives__operations__suspend_task
                0x020090dc                system__task_primitives__operations__yield
                0x02009378                system__task_primitives__operations__unlock_all_tasks_list
                0x020093a0                system__task_primitives__operations__initialize
                0x02009330                system__task_primitives__operations__check_exit
                0x02009254                system__task_primitives__operations__initialize_tcb
                0x02008f10                system__task_primitives__operations__stack_guard
                0x02008f54                system__task_primitives__operations__finalize_lock
                0x020092f8                system__task_primitives__operations__default_exit_task_procedure
                0x02009290                system__task_primitives__operations__create_task
                0x02008f3c                system__task_primitives__operations__initialize_lock__2
                0x02008fa8                system__task_primitives__operations__read_lock
                0x02009178                system__task_primitives__operations__enter_task
 .text          0x02009858      0x924 /usr/local/openravenscar/lib/gcc-lib/sparc-ork-elf/2.8.1/adalib/libgnarl.a(s-tarest.o)
                0x02009acc                system__tasking__restricted__stages__create_restricted_task
                0x02009fcc                system__tasking__restricted__stages__restricted_terminated
                0x02009cdc                system__tasking__restricted__stages__activate_restricted_tasks
                0x02009e9c                system__tasking__restricted__stages__complete_restricted_activation
                0x02009fe0                system__tasking__restricted__stages__finalize_global_tasks
                0x0200a034                system__tasking__restricted__stages___elabb
                0x02009f6c                system__tasking__restricted__stages__complete_restricted_task
 .text          0x0200a17c      0xf44 /usr/local/openravenscar/lib/gcc-lib/sparc-ork-elf/2.8.1/adalib/libgnarl.a(s-tasdeb.o)
                0x0200adf4                system__tasking__debug__image
                0x0200b098                system__tasking__debug___init_proc__2
                0x0200aad0                system__tasking__debug__print_current_task
                0x0200ad44                system__tasking__debug__trace__2
                0x0200a17c                system__tasking__debug___elabs
                0x0200aaec                system__tasking__debug__list_tasks
                0x0200af9c                system__tasking__debug__resume_all_tasks
                0x0200a1f4                system__tasking__debug__set_user_state
                0x0200a91c                system__tasking__debug__print_task_info_header
                0x0200b058                system__tasking__debug___init_proc
                0x0200a1e0                system__tasking__debug__self
                0x0200afd4                system__tasking__debug___elabb
                0x0200ab2c                system__tasking__debug__print_accept_info
                0x0200ade0                system__tasking__debug__set_trace
                0x0200abf0                system__tasking__debug__trace
                0x0200ad78                system__tasking__debug__trace__3
                0x0200adac                system__tasking__debug__trace__4
                0x0200a4dc                system__tasking__debug__print_task_info
                0x0200a1d8                system__tasking__debug__task_termination_hook
                0x0200a1d0                system__tasking__debug__task_creation_hook
                0x0200af64                system__tasking__debug__suspend_all_tasks
 .text          0x0200b0c0      0x75c /usr/local/openravenscar/lib/gcc-lib/sparc-ork-elf/2.8.1/adalib/libgnarl.a(s-taskin.o)
                0x0200b4d4                system__tasking___init_proc__3
                0x0200b77c                system__tasking___init_proc__8
                0x0200b73c                system__tasking___init_proc__7
                0x0200b0c0                system__tasking__self
                0x0200b49c                system__tasking___init_proc__2
                0x0200b1fc                system__tasking___elabb
                0x0200b550                system__tasking___init_proc__4
                0x0200b788                system__tasking___init_proc__9
                0x0200b448                system__tasking___init_proc
                0x0200b5a4                system__tasking___init_proc__6
                0x0200b0d4                system__tasking__initialize_atcb
                0x0200b55c                system__tasking___init_proc__5
 .text          0x0200b81c       0x14 /usr/local/openravenscar/lib/gcc-lib/sparc-ork-elf/2.8.1/adalib/libgnarl.a(s-taspri.o)
                0x0200b81c                system__task_primitives___init_proc
 .text          0x0200b830      0x1f0 /usr/local/openravenscar/lib/gcc-lib/sparc-ork-elf/2.8.1/adalib/libgnarl.a(kernel-interrupts.o)
                0x0200b8f8                kernel_detach_interrupt_handler
                0x0200b940                kernel__interrupts___elabb
                0x0200b830                kernel__interrupts__null_handler
                0x0200b838                kernel__interrupts__wrapper
                0x0200b920                kernel_current_interrupt_handler
                0x0200b898                kernel_attach_interrupt_handler
                0x0200b9c4                kernel__interrupts___init_proc__2
                0x0200b9ac                kernel__interrupts___init_proc
 .text          0x0200ba20      0x5dc /usr/local/openravenscar/lib/gcc-lib/sparc-ork-elf/2.8.1/adalib/libgnarl.a(kernel-threads.o)
                0x0200ba20                kernel__threads___elabs
                0x0200bfc0                kernel__threads___init_proc__3
                0x0200bc90                kernel_yield
                0x0200bd90                kernel_check_no_mutexes
                0x0200bda0                kernel_condition_init
                0x0200bbf0                kernel__threads__set_active_priority
                0x0200bba4                kernel_set_priority
                0x0200be64                kernel_condition_signal
                0x0200bec4                kernel_thread_create
                0x0200baac                kernel__threads__default_dummy_task_function
                0x0200bf8c                kernel_thread_self
                0x0200ba5c                kernel__threads__thread_caller
                0x0200bda8                kernel_condition_wait
                0x0200babc                kernel_initialize
                0x0200bd30                kernel_mutex_unlock
                0x0200bcd8                kernel_mutex_lock
                0x0200bccc                kernel_mutex_init
                0x0200bf9c                kernel__threads___elabb
                0x0200bfac                kernel__threads___init_proc
                0x0200bfb8                kernel__threads___init_proc__2
                0x0200bc74                kernel_get_priority
 .text          0x0200bffc       0x28 /usr/local/openravenscar/lib/gcc-lib/sparc-ork-elf/2.8.1/adalib/libgnarl.a(kernel-threads-atcb.o)
                0x0200c014                kernel__threads__atcb___elabb
                0x0200c004                kernel__threads__atcb__thread_self_atcb
                0x0200bffc                kernel__threads__atcb__set_atcb
 .text          0x0200c024      0x478 /usr/local/openravenscar/lib/gcc-lib/sparc-ork-elf/2.8.1/adalib/libgnarl.a(kernel-threads-queues.o)
                0x0200c23c                kernel__threads__queues__insert_alarm
                0x0200c0e0                kernel__threads__queues__insert_at_tail
                0x0200c03c                kernel__threads__queues__insert_at_head
                0x0200c308                kernel__threads__queues__extract_first_alarm
                0x0200c1f0                kernel__threads__queues__get_new_thread_descriptor
                0x0200c40c                kernel__threads__queues___init_proc
                0x0200c184                kernel__threads__queues__extract_from_ready
                0x0200c334                kernel__threads__queues__get_next_alarm_time
                0x0200c368                kernel__threads__queues___elabb
                0x0200c1cc                kernel__threads__queues__next_running
                0x0200c030                kernel__threads__queues__environment_thread_id
                0x0200c024                kernel__threads__queues__dummy_thread_id
 .text          0x0200c49c      0x108 /usr/local/openravenscar/lib/gcc-lib/sparc-ork-elf/2.8.1/adalib/libgnarl.a(kernel-threads-protection.o)
                0x0200c4c0                kernel__threads__protection__leave_kernel
                0x0200c49c                kernel__threads__protection__dispatch
                0x0200c594                kernel__threads__protection___elabb
                0x0200c4ac                kernel__threads__protection__enter_kernel
 .text          0x0200c5a4      0x3c4 /usr/local/openravenscar/lib/gcc-lib/sparc-ork-elf/2.8.1/adalib/libgnarl.a(kernel-time.o)
                0x0200c65c                kernel_delay_until
                0x0200c5a4                kernel_clock
                0x0200c928                kernel__time___elabb
 .text          0x0200c968       0x9c /usr/local/openravenscar/lib/gcc-lib/sparc-ork-elf/2.8.1/adalib/libgnarl.a(kernel-memory.o)
                0x0200c9c4                kernel__memory___elabb
                0x0200c970                kernel_new_stack
                0x0200c968                kernel_new_memory_region
 .text          0x0200ca04       0x88 /usr/local/openravenscar/lib/gcc-lib/sparc-ork-elf/2.8.1/adalib/libgnarl.a(kernel-cpu_primitives.o)
                0x0200ca04                kernel__cpu_primitives__context_switch
                0x0200ca10                kernel__cpu_primitives__initialize_context
                0x0200ca7c                kernel__cpu_primitives___elabb
 .text          0x0200ca8c       0x44 /usr/local/openravenscar/lib/gcc-lib/sparc-ork-elf/2.8.1/adalib/libgnarl.a(kernel-peripherals-registers.o)
                0x0200ca8c                kernel__peripherals__registers___elabs
 .text          0x0200cad0      0x6ac /usr/local/openravenscar/lib/gcc-lib/sparc-ork-elf/2.8.1/adalib/libgnarl.a(kernel-peripherals.o)
                0x0200cae0                kernel__peripherals__stop_watch_dog
                0x0200cad0                kernel__peripherals__to_vector
                0x0200cafc                kernel__peripherals__init_clock
                0x0200d0c8                kernel__peripherals___elabb
                0x0200cbe0                kernel__peripherals__cancel_and_set_alarm
                0x0200cbbc                kernel__peripherals__init_board
                0x0200cbf4                kernel__peripherals__set_alarm
                0x0200cd68                kernel__peripherals__read_clock
                0x0200cdd8                kernel__peripherals__clear_alarm_interrupt
                0x0200d008                kernel__peripherals__uart_send
                0x0200cde0                kernel__peripherals__clear_clock_interrupt
                0x0200cf1c                kernel__peripherals__init_uart
                0x0200caf4                kernel__peripherals__memory_configuration
                0x0200cde8                kernel__peripherals__protect_segment
                0x0200cad8                kernel__peripherals__priority_of_interrupt
 .text          0x0200d17c       0xe4 /usr/local/openravenscar/lib/gcc-lib/sparc-ork-elf/2.8.1/adalib/libgnarl.a(kernel-serial_output.o)
                0x0200d1d4                kernel_new_line
                0x0200d1e8                kernel_put_line_c
                0x0200d194                kernel__serial_output__put__2
                0x0200d17c                kernel_put_c
                0x0200d204                kernel__serial_output__put_line__2
                0x0200d234                kernel__serial_output___elabb
 .text          0x0200d260      0x2dc /usr/local/openravenscar/lib/gcc-lib/sparc-ork-elf/2.8.1/adalib/libgnarl.a(context.o)
                0x0200d534                exit_from_context_switch
                0x0200d260                context_switch
                0x0200d26c                context_trap
 .text          0x0200d53c      0x60c /usr/local/openravenscar/lib/gcc-lib/sparc-ork-elf/2.8.1/adalib/libgnarl.a(install_handler.o)
                0x0200d5f4                set_next_running
                0x0200d53c                enable_traps
                0x0200d5a0                install_trap_handler
                0x0200d550                install_int_handler
 .text          0x0200db48       0x34 /usr/local/openravenscar/lib/gcc-lib/sparc-ork-elf/2.8.1/adalib/libgnarl.a(int_level.o)
                0x0200db48                disable_interrupts
                0x0200db60                enable_interrupts
 .text          0x0200db7c     0x25c0 /usr/local/openravenscar/lib/gcc-lib/sparc-ork-elf/2.8.1/adalib/libgnat.a(a-except.o)
                0x0200f3e4                ada__exceptions__sdp_table_sort_move
                0x0200f544                ada__exceptions__string_to_eid
                0x0200ec00                __gnat_raise_nodefer_with_msg
                0x0200ddac                ada__exceptions__current_target_exception
                0x0200ed78                ada__exceptions__raise_from_signal_handler
                0x0200dbfc                ada__exceptions__address_image
                0x0200effc                ada__exceptions__save_occurrence
                0x0200fbe0                __gnat_notify_exception
                0x0200e8c0                ada__exceptions__propagate_exception
                0x0200e734                ada__exceptions__exception_name_simple
                0x0200ef50                __gnat_reraise
                0x0200ece0                __gnat_raise_exception
                0x0200db7c                ada__exceptions___elabs
                0x0200dd04                __gnat_break_start
                0x0200dcf0                ada__exceptions__allocate_machine_state
                0x0200ddd0                ada__exceptions__deallocate_machine_state
                0x0200e084                ada__exceptions__exception_information
                0x0200eeb0                __gnat_raise_storage_error
                0x0200de40                ada__exceptions__eo_to_string
                0x0200f348                ada__exceptions__sdp_table_sort_lt
                0x02010054                ada__exceptions__raise_exception_no_defer
                0x0200e640                ada__exceptions__exception_name__2
                0x020100fc                ada__exceptions__zzz
                0x0200dbec                ada__exceptions__poll
                0x0200eed0                ada__exceptions__raise_with_c_msg
                0x0200fc74                ada__exceptions__unhandled_exception_terminate
                0x0200dde4                ada__exceptions__eid_to_string
                0x0200f090                ada__exceptions__save_occurrence__2
                0x0200ee3c                ada__exceptions__raise_with_location
                0x0200ee14                ada__exceptions__raise_no_msg
                0x0200e57c                ada__exceptions__exception_message
                0x0200f414                ada__exceptions__set_exception_c_msg
                0x0200f66c                ada__exceptions__string_to_eo
                0x0200ee70                __gnat_raise_constraint_error
                0x0200ef88                ada__exceptions__reraise_occurrence
                0x02010104                ada__exceptions___elabb
                0x0201012c                ada__exceptions___init_proc
                0x0200e704                ada__exceptions__exception_name
                0x0200dbf4                ada__exceptions__aaa
                0x0200efd0                ada__exceptions__reraise_occurrence_no_defer
                0x0200dea0                ada__exceptions__exception_identity
                0x0200f0bc                __gnat_SDP_Table_Build
                0x0200fbd8                __gnat_unhandled_exception
                0x0200dd0c                ada__exceptions__call_chain
                0x0200ef04                __gnat_raise_with_msg
                0x0200ee90                __gnat_raise_program_error
 .text          0x0201013c      0x2ec /usr/local/openravenscar/lib/gcc-lib/sparc-ork-elf/2.8.1/adalib/libgnat.a(a-filico.o)
                0x02010188                ada__finalization__list_controller___deep_finalize__2
                0x020103f4                ada__finalization__list_controller___init_proc__2
                0x020103b8                ada__finalization__list_controller__finalize
                0x02010178                ada__finalization__list_controller___size__2
                0x020103d0                ada__finalization__list_controller___init_proc
                0x02010384                ada__finalization__list_controller__finalize__2
                0x020101b4                ada__finalization__list_controller___elabs
                0x0201013c                ada__finalization__list_controller___size
                0x0201036c                ada__finalization__list_controller__initialize__2
                0x0201014c                ada__finalization__list_controller___deep_finalize
 .text          0x02010428      0x560 /usr/local/openravenscar/lib/gcc-lib/sparc-ork-elf/2.8.1/adalib/libgnat.a(a-finali.o)
                0x02010688                ada__finalization___size__4
                0x02010908                ada__finalization__initialize
                0x02010920                ada__finalization__Oeq__2
                0x02010948                ada__finalization___init_proc
                0x02010450                ada__finalization___write__3
                0x02010940                ada__finalization__finalize__2
                0x02010428                ada__finalization___size__3
                0x02010438                ada__finalization___read__3
                0x02010910                ada__finalization__adjust
                0x02010968                ada__finalization___init_proc__2
                0x020106c4                ada__finalization___elabs
                0x02010918                ada__finalization__finalize
                0x02010634                ada__finalization___deep_adjust
                0x02010938                ada__finalization__initialize__2
                0x02010468                ada__finalization___assign__3
                0x0201065c                ada__finalization___deep_finalize
                0x02010698                ada__finalization___deep_finalize__2
 .text          0x02010988       0x6c /usr/local/openravenscar/lib/gcc-lib/sparc-ork-elf/2.8.1/adalib/libgnat.a(a-ioexce.o)
                0x02010988                ada__io_exceptions___elabs
 .text          0x020109f4     0x1e98 /usr/local/openravenscar/lib/gcc-lib/sparc-ork-elf/2.8.1/adalib/libgnat.a(a-nuelfu.o)
                0x020124b0                ada__numerics__elementary_functions__sinh
                0x02011338                ada__numerics__elementary_functions__arcsin
                0x02011120                ada__numerics__elementary_functions__arccosh
                0x02011564                ada__numerics__elementary_functions__arcsinh
                0x020109f4                ada__numerics__elementary_functions__Oexpon
                0x02011234                ada__numerics__elementary_functions__arccoth
                0x02011218                ada__numerics__elementary_functions__arccot__2
                0x0201140c                ada__numerics__elementary_functions__arcsin__2
                0x02011794                ada__numerics__elementary_functions__arctan__2
                0x02010fb4                ada__numerics__elementary_functions__arccos__2
                0x02011a94                ada__numerics__elementary_functions__cos
                0x020125bc                ada__numerics__elementary_functions__sqrt
                0x020126c8                ada__numerics__elementary_functions__tan__2
                0x020123b4                ada__numerics__elementary_functions__sin__2
                0x02012244                ada__numerics__elementary_functions__log__2
                0x02011c98                ada__numerics__elementary_functions__cot__2
                0x020127f8                ada__numerics__elementary_functions__tanh
                0x02011e00                ada__numerics__elementary_functions__coth
                0x02012188                ada__numerics__elementary_functions__log
                0x02011b44                ada__numerics__elementary_functions__cosh
                0x02011200                ada__numerics__elementary_functions__arccot
                0x02011684                ada__numerics__elementary_functions__arctan
                0x0201236c                ada__numerics__elementary_functions__sin
                0x02010eb4                ada__numerics__elementary_functions__arccos
                0x02011b00                ada__numerics__elementary_functions__cos__2
                0x02012640                ada__numerics__elementary_functions__tan
                0x02011ef4                ada__numerics__elementary_functions__exp
                0x02011bf0                ada__numerics__elementary_functions__cot
                0x02011908                ada__numerics__elementary_functions__arctanh
 .text          0x0201288c       0x18 /usr/local/openravenscar/lib/gcc-lib/sparc-ork-elf/2.8.1/adalib/libgnat.a(a-numeri.o)
                0x0201288c                ada__numerics___elabs
 .text          0x020128a4       0xc0 /usr/local/openravenscar/lib/gcc-lib/sparc-ork-elf/2.8.1/adalib/libgnat.a(a-stream.o)
                0x020128bc                ada__streams___elabs
                0x020128b4                ada__streams___deep_finalize
                0x020128a4                ada__streams___size
                0x02012954                ada__streams___init_proc
 .text          0x02012964      0x934 /usr/local/openravenscar/lib/gcc-lib/sparc-ork-elf/2.8.1/adalib/libgnat.a(a-tags.o)
                0x02012fcc                ada__tags__length
                0x02013238                ada__tags___init_proc
                0x02012ad8                ada__tags__external_tag_htable__removeXn
                0x020130f0                ada__tags__get_rc_offset
                0x0201320c                ada__tags__set_remotely_callable
                0x020131d4                ada__tags__set_prim_op_address
                0x020131b4                ada__tags__register_tag
                0x02013154                ada__tags__inherit_tsd
                0x02012964                ada__tags___elabs
                0x020130cc                ada__tags__get_expanded_name
                0x020131e8                ada__tags__set_expanded_name
                0x020130fc                ada__tags__get_remotely_callable
                0x02012cf4                ada__tags__expanded_name
                0x0201297c                ada__tags__external_tag_htable__getXn
                0x020130e4                ada__tags__get_inheritance_depth
                0x02013114                ada__tags__get_tsd
                0x02012bd0                ada__tags__external_tag_htable__setXn
                0x0201308c                ada__tags__cw_membership
                0x0201311c                ada__tags__inherit_dt
                0x02012a24                ada__tags__external_tag_htable__get_nextXn
                0x02012dfc                ada__tags__get_external_tag
                0x02012e20                ada__tags__internal_tag
                0x02013240                ada__tags___init_proc__2
                0x02013028                ada__tags___elabb
                0x020131e0                ada__tags__set_tsd
                0x020131f4                ada__tags__set_external_tag
                0x02012c44                ada__tags__get_ht_link
                0x02013000                ada__tags__parent_size
                0x02012c0c                ada__tags__equal
                0x020129f0                ada__tags__external_tag_htable__get_firstXn
                0x020131c8                ada__tags__set_inheritance_depth
                0x02012d78                ada__tags__external_tag
                0x02012a60                ada__tags__external_tag_htable__get_non_nullXn
                0x020130d8                ada__tags__get_prim_op_address
                0x02013200                ada__tags__set_rc_offset
                0x02012cb0                ada__tags__hash
                0x02012b90                ada__tags__external_tag_htable__resetXn
                0x02012ce8                ada__tags__set_ht_link
                0x0201324c                ada__tags__external_tag_htable___init_procXn
 .text          0x02013298      0x25c /usr/local/openravenscar/lib/gcc-lib/sparc-ork-elf/2.8.1/adalib/libgnat.a(g-except.o)
                0x020133e4                gnat__exceptions___deep_finalize
                0x020132b0                gnat__exceptions___write
                0x020132ec                gnat__exceptions___output
                0x0201330c                gnat__exceptions___assign
                0x020132b8                gnat__exceptions___input
                0x020133ec                gnat__exceptions___elabs
                0x020132a8                gnat__exceptions___read
                0x02013298                gnat__exceptions___size
                0x020134e4                gnat__exceptions___init_proc
                0x02013304                gnat__exceptions__Oeq
                0x020133dc                gnat__exceptions___deep_adjust
 .text          0x020134f4      0x174 /usr/local/openravenscar/lib/gcc-lib/sparc-ork-elf/2.8.1/adalib/libgnat.a(g-hesora.o)
                0x020135c4                gnat__heap_sort_a__sort
 .text          0x02013668      0xc6c /usr/local/openravenscar/lib/gcc-lib/sparc-ork-elf/2.8.1/adalib/libgnat.a(i-c.o)
                0x02013f78                interfaces__c__to_c__4
                0x02013ab8                interfaces__c__to_ada__6
                0x020136cc                interfaces__c__is_nul_terminated__2
                0x0201371c                interfaces__c__to_ada
                0x02013724                interfaces__c__to_ada__2
                0x02013be0                interfaces__c__to_c
                0x02013680                interfaces__c__is_nul_terminated
                0x0201412c                interfaces__c__to_c__6
                0x02013858                interfaces__c__to_ada__3
                0x02013668                interfaces__c___elabs
                0x02013de0                interfaces__c__to_c__3
                0x02013978                interfaces__c__to_ada__5
                0x02013f80                interfaces__c__to_c__5
                0x02013be8                interfaces__c__to_c__2
                0x02013970                interfaces__c__to_ada__4
 .text          0x020142d4     0x13b4 /usr/local/openravenscar/lib/gcc-lib/sparc-ork-elf/2.8.1/adalib/libgnat.a(s-arit64.o)
                0x02014410                system__arith_64__hi
                0x020149b8                system__arith_64__scaled_divide
                0x02014988                system__arith_64__raise_error
                0x02014388                system__arith_64__Odivide
                0x020142fc                system__arith_64__Oadd__2
                0x020155b4                system__arith_64__subtract_with_ovflo_check
                0x0201432c                system__arith_64__Omultiply
                0x02014420                system__arith_64__lo
                0x0201435c                system__arith_64__Omultiply__2
                0x02014494                system__arith_64__double_divide
                0x02014784                system__arith_64__multiply_with_ovflo_check
                0x02015668                system__arith_64__to_pos_int
                0x020142d4                system__arith_64__Oadd
                0x020143e0                system__arith_64__Oconcat
                0x02015630                system__arith_64__to_neg_int
                0x020143b4                system__arith_64__Orem
                0x02014428                system__arith_64__add_with_ovflo_check
                0x02014314                system__arith_64__Osubtract
 .text          0x02015688      0x16c /usr/local/openravenscar/lib/gcc-lib/sparc-ork-elf/2.8.1/adalib/libgnat.a(s-except.o)
                0x020156ac                system__exceptions___init_proc
                0x02015688                system__exceptions___elabs
                0x02015754                system__exceptions___init_proc__4
                0x020156f4                system__exceptions___init_proc__3
                0x02015794                system__exceptions___init_proc__5
                0x020156b4                system__exceptions___init_proc__2
 .text          0x020157f4      0x54c /usr/local/openravenscar/lib/gcc-lib/sparc-ork-elf/2.8.1/adalib/libgnat.a(s-exctab.o)
                0x02015b08                system__exception_table__get_key
                0x0201589c                system__exception_table__exception_htable__get_nextXn
                0x02015ad0                system__exception_table__equal
                0x02015a48                system__exception_table__exception_htable__setXn
                0x02015cf4                system__exception_table__exception_htable___init_procXn
                0x020157f4                system__exception_table__exception_htable__getXn
                0x02015a8c                system__exception_table__get_ht_link
                0x02015a08                system__exception_table__exception_htable__resetXn
                0x02015a84                system__exception_table__set_ht_link
                0x02015b10                system__exception_table__internal_exception
                0x020158d8                system__exception_table__exception_htable__get_non_nullXn
                0x02015a94                system__exception_table__hash
                0x02015868                system__exception_table__exception_htable__get_firstXn
                0x02015c44                system__exception_table___elabb
                0x02015c30                system__exception_table__register_exception
                0x02015950                system__exception_table__exception_htable__removeXn
 .text          0x02015d40      0x1c4 /usr/local/openravenscar/lib/gcc-lib/sparc-ork-elf/2.8.1/adalib/libgnat.a(s-exnflt.o)
                0x02015d40                system__exn_flt__exn_float
 .text          0x02015f04      0xb2c /usr/local/openravenscar/lib/gcc-lib/sparc-ork-elf/2.8.1/adalib/libgnat.a(s-fatflt.o)
                0x020168b8                system__fat_flt__fat_float__truncation
                0x02016048                system__fat_flt__fat_float__decompose
                0x020163dc                system__fat_flt__fat_float__model
                0x020162e4                system__fat_flt__fat_float__floor
                0x020163f0                system__fat_flt__fat_float__pred
                0x020166b8                system__fat_flt__fat_float__scaling
                0x0201636c                system__fat_flt__fat_float__leading_part
                0x02016968                system__fat_flt__fat_float__unbiased_rounding
                0x02015f5c                system__fat_flt__fat_float__ceiling
                0x02015fbc                system__fat_flt__fat_float__compose
                0x020162bc                system__fat_flt__fat_float__exponent
                0x02016344                system__fat_flt__fat_float__fraction
                0x02016234                system__fat_flt__fat_float__gradual_scaling
                0x020164a8                system__fat_flt__fat_float__remainder
                0x02016630                system__fat_flt__fat_float__rounding
                0x02015f04                system__fat_flt__fat_float__adjacent
                0x020167d0                system__fat_flt__fat_float__succ
                0x02016a10                system__fat_flt__fat_float__valid
                0x02015fec                system__fat_flt__fat_float__copy_sign
                0x020163c8                system__fat_flt__fat_float__machine
 .text          0x02016a30     0x13dc /usr/local/openravenscar/lib/gcc-lib/sparc-ork-elf/2.8.1/adalib/libgnat.a(s-finimp.o)
                0x02017c50                system__finalization_implementation__deep_tag_attach
                0x02016c5c                system__finalization_implementation___read__2
                0x020172b0                system__finalization_implementation__detach_from_final_list
                0x02016af4                system__finalization_implementation___output
                0x0201770c                system__finalization_implementation__finalize_list
                0x02016d28                system__finalization_implementation__Oeq__2
                0x02017ddc                system__finalization_implementation___init_proc__2
                0x02016b54                system__finalization_implementation___assign
                0x02017d08                system__finalization_implementation__initialize__2
                0x02017114                system__finalization_implementation__attach_to_final_list
                0x02017ab4                system__finalization_implementation__deep_tag_adjust
                0x02016d70                system__finalization_implementation___assign__2
                0x02016b0c                system__finalization_implementation__Oeq
                0x02016a9c                system__finalization_implementation___input
                0x02016a78                system__finalization_implementation___write
                0x020179c4                system__finalization_implementation__deep_tag_initialize
                0x02017d00                system__finalization_implementation__initialize
                0x02017db8                system__finalization_implementation___init_proc
                0x02016c80                system__finalization_implementation___write__2
                0x02016e70                system__finalization_implementation___elabs
                0x02016d10                system__finalization_implementation___output__2
                0x02016ca4                system__finalization_implementation___input__2
                0x02016a40                system__finalization_implementation___read
                0x02017878                system__finalization_implementation__finalize_one
                0x02017b80                system__finalization_implementation__deep_tag_finalize
                0x02017850                system__finalization_implementation__finalize_global_list
                0x02017da4                system__finalization_implementation__finalize
                0x02016c4c                system__finalization_implementation___size__2
                0x02017d70                system__finalization_implementation__adjust__2
                0x02016a30                system__finalization_implementation___size
 .text          0x02017e0c      0x658 /usr/local/openravenscar/lib/gcc-lib/sparc-ork-elf/2.8.1/adalib/libgnat.a(s-finroo.o)
                0x02017e0c                system__finalization_root___size
                0x02018440                system__finalization_root___init_proc__2
                0x02017e1c                system__finalization_root___read
                0x02018154                system__finalization_root___elabs
                0x0201800c                system__finalization_root__Oeq__2
                0x02017f9c                system__finalization_root___input__2
                0x02017e24                system__finalization_root___write
                0x02017e34                system__finalization_root___assign
                0x02018400                system__finalization_root__finalize
                0x02017ff4                system__finalization_root___output__2
                0x020183a0                system__finalization_root__initialize
                0x02017e2c                system__finalization_root__Oeq
                0x02017f14                system__finalization_root___read__2
                0x02017f6c                system__finalization_root___write__2
                0x02017f04                system__finalization_root___size__2
                0x020183d0                system__finalization_root__adjust
                0x02018064                system__finalization_root___assign__2
                0x02018430                system__finalization_root___init_proc
 .text          0x02018464      0x1b4 /usr/local/openravenscar/lib/gcc-lib/sparc-ork-elf/2.8.1/adalib/libgnat.a(s-imgint.o)
                0x020185a0                system__img_int__set_image_integer
                0x02018464                system__img_int__image_integer
 .text          0x02018618      0xbc8 /usr/local/openravenscar/lib/gcc-lib/sparc-ork-elf/2.8.1/adalib/libgnat.a(s-imgrea.o)
                0x02018618                system__img_real__image_ordinary_fixed_point
                0x02018d04                system__img_real__set_image_real
                0x020186ec                system__img_real__image_floating_point
 .text          0x020191e0      0x160 /usr/local/openravenscar/lib/gcc-lib/sparc-ork-elf/2.8.1/adalib/libgnat.a(s-imguns.o)
                0x020191e0                system__img_uns__image_unsigned
                0x02019300                system__img_uns__set_image_unsigned
 .text          0x02019340       0x40 /usr/local/openravenscar/lib/gcc-lib/sparc-ork-elf/2.8.1/adalib/libgnat.a(s-mastop.o)
                0x02019358                system__machine_state_operations__get_code_loc
                0x02019340                system__machine_state_operations__allocate_machine_state
                0x02019378                system__machine_state_operations__set_signal_machine_state
                0x02019350                system__machine_state_operations__free_machine_state
                0x02019360                system__machine_state_operations__machine_state_length
                0x02019348                system__machine_state_operations__enter_handler
                0x02019370                system__machine_state_operations__set_machine_state
                0x02019368                system__machine_state_operations__pop_frame
 .text          0x02019380       0x50 /usr/local/openravenscar/lib/gcc-lib/sparc-ork-elf/2.8.1/adalib/libgnat.a(s-parame.o)
                0x02019388                system__parameters__minimum_stack_size
                0x02019390                system__parameters__adjust_storage_size
                0x02019380                system__parameters__default_stack_size
 .text          0x020193d0      0x314 /usr/local/openravenscar/lib/gcc-lib/sparc-ork-elf/2.8.1/adalib/libgnat.a(s-secsta.o)
                0x020196dc                system__secondary_stack___init_proc__2
                0x02019680                system__secondary_stack___elabb
                0x020193d0                system__secondary_stack__ss_allocate
                0x020195c4                system__secondary_stack__ss_free
                0x02019660                system__secondary_stack__ss_release
                0x02019640                system__secondary_stack__ss_mark
                0x020196c8                system__secondary_stack___init_proc
                0x02019560                system__secondary_stack__ss_init
 .text          0x020196e4      0x1fc /usr/local/openravenscar/lib/gcc-lib/sparc-ork-elf/2.8.1/adalib/libgnat.a(s-sopco3.o)
                0x020196e4                system__string_ops_concat_3__str_concat_3
 .text          0x020198e0      0x1e4 /usr/local/openravenscar/lib/gcc-lib/sparc-ork-elf/2.8.1/adalib/libgnat.a(s-stache.o)
                0x020198e0                system__stack_checking___elabs
                0x020198f8                _gnat_stack_check
                0x02019a7c                system__stack_checking__set_stack_size
                0x02019ab4                system__stack_checking___init_proc
                0x02019984                system__stack_checking__invalidate_stack_cache
                0x02019aa4                system__stack_checking__update_stack_cache
 .text          0x02019ac4       0x28 /usr/local/openravenscar/lib/gcc-lib/sparc-ork-elf/2.8.1/adalib/libgnat.a(s-stalib.o)
                0x02019ac4                system__standard_library__abort_undefer_direct
                0x02019ae0                system__standard_library___init_proc
 .text          0x02019aec       0x64 /usr/local/openravenscar/lib/gcc-lib/sparc-ork-elf/2.8.1/adalib/libgnat.a(s-stoele.o)
                0x02019b0c                system__storage_elements__Omod
                0x02019b40                system__storage_elements__to_address
                0x02019af4                system__storage_elements__Oadd__2
                0x02019afc                system__storage_elements__Osubtract
                0x02019aec                system__storage_elements__Oadd
                0x02019b48                system__storage_elements__to_integer
                0x02019b04                system__storage_elements__Osubtract__2
 .text          0x02019b50     0x102c /usr/local/openravenscar/lib/gcc-lib/sparc-ork-elf/2.8.1/adalib/libgnat.a(s-stratt.o)
                0x0201a268                system__stream_attributes__i_si
                0x0201a520                system__stream_attributes__w_ad
                0x02019c58                system__stream_attributes__i_b
                0x0201a614                system__stream_attributes__w_c
                0x02019e30                system__stream_attributes__i_lf
                0x0201a1e0                system__stream_attributes__i_sf
                0x0201aa9c                system__stream_attributes__w_su
                0x02019cbc                system__stream_attributes__i_c
                0x02019f60                system__stream_attributes__i_llf
                0x0201a3a8                system__stream_attributes__i_su
                0x0201a0b0                system__stream_attributes__i_llu
                0x0201a998                system__stream_attributes__w_sf
                0x0201a420                system__stream_attributes__i_u
                0x0201ab38                system__stream_attributes__w_wc
                0x02019b50                system__stream_attributes__i_ad
                0x0201aae0                system__stream_attributes__w_u
                0x0201a940                system__stream_attributes__w_lu
                0x0201a5e0                system__stream_attributes__w_b
                0x0201a848                system__stream_attributes__w_lli
                0x0201a344                system__stream_attributes__i_ssu
                0x02019ed8                system__stream_attributes__i_li
                0x0201aa34                system__stream_attributes__w_ssi
                0x0201a9f0                system__stream_attributes__w_si
                0x0201a6f8                system__stream_attributes__w_lf
                0x0201a2e0                system__stream_attributes__i_ssi
                0x02019d20                system__stream_attributes__i_f
                0x0201a774                system__stream_attributes__w_li
                0x0201a590                system__stream_attributes__w_as
                0x0201a6a0                system__stream_attributes__w_i
                0x02019da8                system__stream_attributes__i_i
                0x0201a008                system__stream_attributes__i_lli
                0x0201a4a8                system__stream_attributes__i_wc
                0x0201a7cc                system__stream_attributes__w_llf
                0x0201aa68                system__stream_attributes__w_ssu
                0x02019bc8                system__stream_attributes__i_as
                0x0201a648                system__stream_attributes__w_f
                0x0201a8c4                system__stream_attributes__w_llu
                0x0201a158                system__stream_attributes__i_lu
 .text          0x0201ab7c      0x5b8 /usr/local/openravenscar/lib/gcc-lib/sparc-ork-elf/2.8.1/adalib/libgnat.a(s-strops.o)
                0x0201afa0                system__string_ops__str_equal
                0x0201ae78                system__string_ops__str_concat_sc
                0x0201b0b0                system__string_ops__str_normalize
                0x0201ab7c                system__string_ops__str_concat
                0x0201ad9c                system__string_ops__str_concat_cs
                0x0201b0f0                system__string_ops__wide_str_normalize
                0x0201ad3c                system__string_ops__str_concat_cc
 .text          0x0201b134      0x298 /usr/local/openravenscar/lib/gcc-lib/sparc-ork-elf/2.8.1/adalib/libgnat.a(s-soflin.o)
                0x0201b298                system__soft_links__set_jmpbuf_address_soft
                0x0201b204                system__soft_links__get_stack_info_nt
                0x0201b360                system__soft_links___elabb
                0x0201b1f8                system__soft_links__get_current_excep_nt
                0x0201b308                system__soft_links__set_exc_stack_addr_soft
                0x0201b134                system__soft_links__abort_defer_nt
                0x0201b168                system__soft_links__check_abort_status_nt
                0x0201b1b0                system__soft_links__get_sec_stack_addr_nt
                0x0201b1a4                system__soft_links__set_jmpbuf_address_nt
                0x0201b188                system__soft_links__task_lock_nt
                0x0201b344                system__soft_links__set_machine_state_addr_soft
                0x0201b178                system__soft_links__current_master_nt
                0x0201b13c                system__soft_links__abort_handler_nt
                0x0201b234                system__soft_links__destroy_tsd
                0x0201b2ec                system__soft_links__get_exc_stack_addr_soft
                0x0201b198                system__soft_links__get_jmpbuf_address_nt
                0x0201b144                system__soft_links__abort_undefer_nt
                0x0201b210                system__soft_links__create_tsd
                0x0201b1d4                system__soft_links__set_machine_state_addr_nt
                0x0201b1bc                system__soft_links__set_sec_stack_addr_nt
                0x0201b14c                system__soft_links__update_exception_nt
                0x0201b1ec                system__soft_links__set_exc_stack_addr_nt
                0x0201b3a0                system__soft_links___init_proc
                0x0201b27c                system__soft_links__get_jmpbuf_address_soft
                0x0201b180                system__soft_links__enter_master_nt
                0x0201b328                system__soft_links__get_machine_state_addr_soft
                0x0201b2d0                system__soft_links__set_sec_stack_addr_soft
                0x0201b190                system__soft_links__task_unlock_nt
                0x0201b258                system__soft_links__get_gnat_exception
                0x0201b2b4                system__soft_links__get_sec_stack_addr_soft
                0x0201b170                system__soft_links__complete_master_nt
                0x0201b1c8                system__soft_links__get_machine_state_addr_nt
                0x0201b1e0                system__soft_links__get_exc_stack_addr_nt
 .text          0x0201b3cc       0x68 /usr/local/openravenscar/lib/gcc-lib/sparc-ork-elf/2.8.1/adalib/libgnat.a(s-traceb.o)
                0x0201b3e0                system__traceback__get_code_loc
                0x0201b408                system__traceback__pop_frame
                0x0201b3f4                system__traceback__free_machine_state
                0x0201b3cc                system__traceback__allocate_machine_state
                0x0201b420                system__traceback__set_machine_state
 .text          0x0201b434       0xfc /usr/local/openravenscar/lib/gcc-lib/sparc-ork-elf/2.8.1/adalib/libgnat.a(a-argv.o)
                0x0201b4fc                fill_env
                0x0201b4a0                env_count
                0x0201b4dc                len_env
                0x0201b434                arg_count
                0x0201b440                gnat_argval
                0x0201b46c                fill_arg
                0x0201b44c                len_arg
 .text          0x0201b530      0x14c /usr/local/openravenscar/lib/gcc-lib/sparc-ork-elf/2.8.1/adalib/libgnat.a(a-cio.o)
                0x0201b550                put_int
                0x0201b56c                get_char
                0x0201b530                get_int
                0x0201b65c                put_char_stderr
                0x0201b5bc                put_char
 .text          0x0201b67c        0xc /usr/local/openravenscar/lib/gcc-lib/sparc-ork-elf/2.8.1/adalib/libgnat.a(a-exit.o)
                0x0201b67c                set_gnat_exit_status
 .text          0x0201b688      0x1f4 /usr/local/openravenscar/lib/gcc-lib/sparc-ork-elf/2.8.1/adalib/libgnat.a(a-raise.o)
                0x0201b688                _gnat_builtin_longjmp
                0x0201b6e0                __gnat_malloc
                0x0201b798                __gnat_free
                0x0201b6c8                __gnat_unhandled_terminate
                0x0201b7d4                __gnat_realloc
 .text          0x0201b87c      0x410 /usr/local/openravenscar/lib/gcc-lib/sparc-ork-elf/2.8.1/adalib/libgnat.a(a-init.o)
                0x0201ba70                __gnat_pop_frame
                0x0201bc84                __gnat_init_float
                0x0201b87c                __gnat_set_globals
                0x0201bc7c                __gnat_get_code_loc
                0x0201b8d4                __gnat_initialize
                0x0201bbc0                __gnat_enter_handler
                0x0201bc74                __gnat_machine_state_length
                0x0201bb14                __gnat_set_machine_state
 .text          0x0201bc8c        0x8 /usr/local/openravenscar/lib/gcc-lib/sparc-ork-elf/2.8.1/adalib/libgnat.a(a-final.o)
                0x0201bc8c                __gnat_finalize
 .text          0x0201bc94      0xc1c /usr/local/openravenscar/lib/gcc-lib/sparc-ork-elf/2.8.1/adalib/libgnat.a(s-fatllf.o)
                0x0201bd98                system__fat_llf__fat_long_long_float__copy_sign
                0x0201c008                system__fat_llf__fat_long_long_float__gradual_scaling
                0x0201c7dc                system__fat_llf__fat_long_long_float__unbiased_rounding
                0x0201c0a0                system__fat_llf__fat_long_long_float__exponent
                0x0201bd64                system__fat_llf__fat_long_long_float__compose
                0x0201c0cc                system__fat_llf__fat_long_long_float__floor
                0x0201bc94                system__fat_llf__fat_long_long_float__adjacent
                0x0201c1f8                system__fat_llf__fat_long_long_float__pred
                0x0201c138                system__fat_llf__fat_long_long_float__fraction
                0x0201c2b8                system__fat_llf__fat_long_long_float__remainder
                0x0201c500                system__fat_llf__fat_long_long_float__scaling
                0x0201bcf8                system__fat_llf__fat_long_long_float__ceiling
                0x0201bdfc                system__fat_llf__fat_long_long_float__decompose
                0x0201c628                system__fat_llf__fat_long_long_float__succ
                0x0201c164                system__fat_llf__fat_long_long_float__leading_part
                0x0201c468                system__fat_llf__fat_long_long_float__rounding
                0x0201c1e0                system__fat_llf__fat_long_long_float__model
                0x0201c888                system__fat_llf__fat_long_long_float__valid
                0x0201c718                system__fat_llf__fat_long_long_float__truncation
                0x0201c1cc                system__fat_llf__fat_long_long_float__machine
 .text          0x0201c8b0      0x18c /usr/local/openravenscar/lib/gcc-lib/sparc-ork-elf/2.8.1/adalib/libgnat.a(s-imgllu.o)
                0x0201c8b0                system__img_llu__image_long_long_unsigned
                0x0201c9f8                system__img_llu__set_image_long_long_unsigned
 .text          0x0201ca3c      0x894 /usr/local/openravenscar/lib/gcc-lib/sparc-ork-elf/2.8.1/adalib/libgnat.a(a-adaint.o)
                0x0201cbcc                get_object_suffix_ptr
                0x0201cb78                Get_Default_Identifier_Character_Set
                0x0201cb60                Get_Maximum_File_Name_Length
                0x0201cb70                Get_File_Names_Case_Sensitive
                0x0201cde8                file_time_name
                0x0201cb88                Get_Pathsep_Char
                0x0201cc68                open_read
                0x0201cb80                Get_Dirsep_Char
                0x0201ce80                is_regular_file
                0x0201cb68                Get_Switch_Character
                0x0201d034                locate_regular_file
                0x0201d284                to_canonical_file_list_next
                0x0201d2b0                to_host_dir_spec
                0x0201ce60                __gnat_file_exists
                0x0201cd54                __gnat_mkdir
                0x0201d2a8                to_canonical_path_spec
                0x0201cf00                is_writable_file
                0x0201cd2c                open_new_temp
                0x0201cf34                portable_spawn
                0x0201d298                to_canonical_dir_spec
                0x0201ce20                get_env_value_ptr
                0x0201ce04                file_time_fd
                0x0201cde0                readdir_is_thread_safe
                0x0201cd04                open_new
                0x0201ca3c                to_gm_time
                0x0201cab0                Try_Lock
                0x0201d2a0                to_canonical_file_spec
                0x0201cff0                portable_wait
                0x0201d27c                to_canonical_file_list_init
                0x0201d2c8                convert_addresses
                0x0201cc00                get_executable_suffix_ptr
                0x0201cec0                is_directory
                0x0201ccdc                open_append
                0x0201ccb4                open_create
                0x0201cc8c                open_rw
                0x0201cd6c                file_length
                0x0201cdac                readdir_gnat
                0x0201d2c0                adjust_os_resource_limits
                0x0201d1c0                locate_exec
                0x0201cfb0                portable_no_block_spawn
                0x0201d020                os_exit
                0x0201ce54                Get_Libraries_From_Registry
                0x0201d290                to_canonical_file_list_free
                0x0201cb90                Get_Current_Dir
                0x0201d2b8                to_host_file_spec
                0x0201d234                locate_exec_on_path
                0x0201cc34                get_debuggable_suffix_ptr
 .text          0x0201d2d0      0x294 /usr/local/openravenscar/sparc-ork-elf/lib/libm.a(s_atan.o)
                0x0201d2d0                atan
 .text          0x0201d564       0xf0 /usr/local/openravenscar/sparc-ork-elf/lib/libm.a(s_cos.o)
                0x0201d564                cos
 .text          0x0201d654       0x2c /usr/local/openravenscar/sparc-ork-elf/lib/libm.a(s_fabs.o)
                0x0201d654                fabs
 .text          0x0201d680       0xf0 /usr/local/openravenscar/sparc-ork-elf/lib/libm.a(s_sin.o)
                0x0201d680                sin
 .text          0x0201d770       0x9c /usr/local/openravenscar/sparc-ork-elf/lib/libm.a(s_tan.o)
                0x0201d770                tan
 .text          0x0201d80c      0x134 /usr/local/openravenscar/sparc-ork-elf/lib/libm.a(s_tanh.o)
                0x0201d80c                tanh
 .text          0x0201d940       0xf8 /usr/local/openravenscar/sparc-ork-elf/lib/libm.a(w_acos.o)
                0x0201d940                acos
 .text          0x0201da38       0xf8 /usr/local/openravenscar/sparc-ork-elf/lib/libm.a(w_asin.o)
                0x0201da38                asin
 .text          0x0201db30      0x1c0 /usr/local/openravenscar/sparc-ork-elf/lib/libm.a(w_exp.o)
                0x0201db30                exp
 .text          0x0201dcf0      0x184 /usr/local/openravenscar/sparc-ork-elf/lib/libm.a(w_log.o)
                0x0201dcf0                log
 .text          0x0201de74      0x60c /usr/local/openravenscar/sparc-ork-elf/lib/libm.a(w_pow.o)
                0x0201de74                pow
 .text          0x0201e480      0x118 /usr/local/openravenscar/sparc-ork-elf/lib/libm.a(w_sqrt.o)
                0x0201e480                sqrt
 .text          0x0201e598      0x3ac /usr/local/openravenscar/sparc-ork-elf/lib/libm.a(e_acos.o)
                0x0201e598                __ieee754_acos
 .text          0x0201e944      0x340 /usr/local/openravenscar/sparc-ork-elf/lib/libm.a(e_asin.o)
                0x0201e944                __ieee754_asin
 .text          0x0201ec84      0x2f0 /usr/local/openravenscar/sparc-ork-elf/lib/libm.a(e_exp.o)
                0x0201ec84                __ieee754_exp
 .text          0x0201ef74      0x310 /usr/local/openravenscar/sparc-ork-elf/lib/libm.a(e_log.o)
                0x0201ef74                __ieee754_log
 .text          0x0201f284      0x99c /usr/local/openravenscar/sparc-ork-elf/lib/libm.a(e_pow.o)
                0x0201f284                __ieee754_pow
 .text          0x0201fc20      0x3d8 /usr/local/openravenscar/sparc-ork-elf/lib/libm.a(e_rem_pio2.o)
                0x0201fc20                __ieee754_rem_pio2
 .text          0x0201fff8      0x264 /usr/local/openravenscar/sparc-ork-elf/lib/libm.a(e_sqrt.o)
                0x0201fff8                __ieee754_sqrt
 .text          0x0202025c      0x17c /usr/local/openravenscar/sparc-ork-elf/lib/libm.a(k_cos.o)
                0x0202025c                __kernel_cos
 .text          0x020203d8      0x838 /usr/local/openravenscar/sparc-ork-elf/lib/libm.a(k_rem_pio2.o)
                0x020203d8                __kernel_rem_pio2
 .text          0x02020c10      0x11c /usr/local/openravenscar/sparc-ork-elf/lib/libm.a(k_sin.o)
                0x02020c10                __kernel_sin
 .text          0x02020d2c      0x2b4 /usr/local/openravenscar/sparc-ork-elf/lib/libm.a(k_tan.o)
                0x02020d2c                __kernel_tan
 .text          0x02020fe0      0x40c /usr/local/openravenscar/sparc-ork-elf/lib/libm.a(s_expm1.o)
                0x02020fe0                expm1
 .text          0x020213ec       0x18 /usr/local/openravenscar/sparc-ork-elf/lib/libm.a(s_finite.o)
                0x020213ec                finite
 .text          0x02021404      0x1a0 /usr/local/openravenscar/sparc-ork-elf/lib/libm.a(s_floor.o)
                0x02021404                floor
 .text          0x020215a4       0x28 /usr/local/openravenscar/sparc-ork-elf/lib/libm.a(s_isnan.o)
                0x020215a4                isnan
 .text          0x020215cc        0x8 /usr/local/openravenscar/sparc-ork-elf/lib/libm.a(s_matherr.o)
                0x020215cc                matherr
 .text          0x020215d4      0x1c8 /usr/local/openravenscar/sparc-ork-elf/lib/libm.a(s_rint.o)
                0x020215d4                rint
 .text          0x0202179c      0x1d8 /usr/local/openravenscar/sparc-ork-elf/lib/libm.a(s_scalbn.o)
                0x0202179c                scalbn
 .text          0x02021974       0x40 /usr/local/openravenscar/sparc-ork-elf/lib/libm.a(s_copysign.o)
                0x02021974                copysign
 .text          0x020219b4        0x8 /usr/local/openravenscar/lib/gcc-lib/sparc-ork-elf/2.8.1/libgcc.a(__dummy.o)
                0x020219b4                __dummy
 .text          0x020219bc       0x48 /usr/local/openravenscar/lib/gcc-lib/sparc-ork-elf/2.8.1/libgcc.a(_ashldi3.o)
                0x020219bc                __ashldi3
 .text          0x02021a04       0x38 /usr/local/openravenscar/lib/gcc-lib/sparc-ork-elf/2.8.1/libgcc.a(_cmpdi2.o)
                0x02021a04                __cmpdi2
 .text          0x02021a3c      0x3c0 /usr/local/openravenscar/lib/gcc-lib/sparc-ork-elf/2.8.1/libgcc.a(_divdi3.o)
                0x02021a3c                __divdi3
 .text          0x02021dfc      0x1f4 /usr/local/openravenscar/lib/gcc-lib/sparc-ork-elf/2.8.1/libgcc.a(_divsi3.o)
                0x02021dfc                udiv
                0x02021e08                div
 .text          0x02021ff0       0x58 /usr/local/openravenscar/lib/gcc-lib/sparc-ork-elf/2.8.1/libgcc.a(_fixsfdi.o)
                0x02021ff0                __fixsfdi
 .text          0x02022048      0x1c0 /usr/local/openravenscar/lib/gcc-lib/sparc-ork-elf/2.8.1/libgcc.a(_fixunsdfdi.o)
                0x02022048                __fixunsdfdi
 .text          0x02022208      0x1c8 /usr/local/openravenscar/lib/gcc-lib/sparc-ork-elf/2.8.1/libgcc.a(_fixunssfdi.o)
                0x02022208                __fixunssfdi
 .text          0x020223d0       0x54 /usr/local/openravenscar/lib/gcc-lib/sparc-ork-elf/2.8.1/libgcc.a(_floatdidf.o)
                0x020223d0                __floatdidf
 .text          0x02022424       0xa8 /usr/local/openravenscar/lib/gcc-lib/sparc-ork-elf/2.8.1/libgcc.a(_floatdisf.o)
                0x02022424                __floatdisf
 .text          0x020224cc       0x48 /usr/local/openravenscar/lib/gcc-lib/sparc-ork-elf/2.8.1/libgcc.a(_lshrdi3.o)
                0x020224cc                __lshrdi3
 .text          0x02022514      0x1f4 /usr/local/openravenscar/lib/gcc-lib/sparc-ork-elf/2.8.1/libgcc.a(_modsi3.o)
                0x02022514                urem
                0x02022520                rem
 .text          0x02022708       0xe0 /usr/local/openravenscar/lib/gcc-lib/sparc-ork-elf/2.8.1/libgcc.a(_muldi3.o)
                0x02022708                __muldi3
 .text          0x020227e8       0xe8 /usr/local/openravenscar/lib/gcc-lib/sparc-ork-elf/2.8.1/libgcc.a(_mulsi3.o)
                0x020227e8                umul
 .text          0x020228d0      0x340 /usr/local/openravenscar/lib/gcc-lib/sparc-ork-elf/2.8.1/libgcc.a(_udivdi3.o)
                0x020228d0                __udivdi3
 .text          0x02022c10      0x39c /usr/local/openravenscar/lib/gcc-lib/sparc-ork-elf/2.8.1/libgcc.a(_umoddi3.o)
                0x02022c10                __umoddi3
 .text          0x02022fac      0xa48 /usr/local/openravenscar/lib/gcc-lib/sparc-ork-elf/2.8.1/libgcc.a(frame.o)
                0x020238d0                __frame_state_for
                0x02023868                __deregister_frame_info
                0x02023840                __register_frame_info_table
                0x02023818                __register_frame_info
 .text          0x020239f4       0x20 /usr/local/openravenscar/sparc-ork-elf/lib/libc.a(abort.o)
                0x020239f4                abort
 .text          0x02023a14       0x1c /usr/local/openravenscar/sparc-ork-elf/lib/libc.a(atoi.o)
                0x02023a14                atoi
 .text          0x02023a30        0xc /usr/local/openravenscar/sparc-ork-elf/lib/libc.a(errno.o)
                0x02023a30                __errno
 .text          0x02023a3c       0x8c /usr/local/openravenscar/sparc-ork-elf/lib/libc.a(exit.o)
                0x02023a3c                exit
 .text          0x02023ac8       0x90 /usr/local/openravenscar/sparc-ork-elf/lib/libc.a(fputc.o)
                0x02023ac8                fputc
 .text          0x02023b58       0x40 /usr/local/openravenscar/sparc-ork-elf/lib/libc.a(getenv.o)
                0x02023b78                getenv
                0x02023b58                _findenv
 .text          0x02023b98      0x100 /usr/local/openravenscar/sparc-ork-elf/lib/libc.a(getenv_r.o)
                0x02023b98                _findenv_r
                0x02023c7c                _getenv_r
 .text          0x02023c98       0x1c /usr/local/openravenscar/sparc-ork-elf/lib/libc.a(gmtime.o)
                0x02023c98                gmtime
 .text          0x02023cb4       0x20 /usr/local/openravenscar/sparc-ork-elf/lib/libc.a(lcltime.o)
                0x02023cb4                localtime
 .text          0x02023cd4      0x21c /usr/local/openravenscar/sparc-ork-elf/lib/libc.a(lcltime_r.o)
                0x02023cd4                localtime_r
 .text          0x02023ef0       0x38 /usr/local/openravenscar/sparc-ork-elf/lib/libc.a(malloc.o)
                0x02023ef0                malloc
                0x02023f0c                free
 .text          0x02023f28      0x774 /usr/local/openravenscar/sparc-ork-elf/lib/libc.a(mallocr.o)
                0x020240f4                _malloc_r
 .text          0x0202469c       0x80 /usr/local/openravenscar/sparc-ork-elf/lib/libc.a(memcmp.o)
                0x0202469c                memcmp
 .text          0x0202471c       0xc4 /usr/local/openravenscar/sparc-ork-elf/lib/libc.a(memcpy.o)
                0x0202471c                memcpy
 .text          0x020247e0       0xa4 /usr/local/openravenscar/sparc-ork-elf/lib/libc.a(memset.o)
                0x020247e0                memset
 .text          0x02024884       0x10 /usr/local/openravenscar/sparc-ork-elf/lib/libc.a(mlock.o)
                0x0202488c                __malloc_unlock
                0x02024884                __malloc_lock
 .text          0x02024894       0x70 /usr/local/openravenscar/sparc-ork-elf/lib/libc.a(printf.o)
                0x020248c4                printf
                0x02024894                _printf_r
 .text          0x02024904       0x20 /usr/local/openravenscar/sparc-ork-elf/lib/libc.a(realloc.o)
                0x02024904                realloc
 .text          0x02024924      0x50c /usr/local/openravenscar/sparc-ork-elf/lib/libc.a(reallocr.o)
                0x02024924                _realloc_r
 .text          0x02024e30       0x40 /usr/local/openravenscar/sparc-ork-elf/lib/libc.a(rget.o)
                0x02024e30                __srget
 .text          0x02024e70       0x34 /usr/local/openravenscar/sparc-ork-elf/lib/libc.a(sbrkr.o)
                0x02024e70                _sbrk_r
 .text          0x02024ea4       0x64 /usr/local/openravenscar/sparc-ork-elf/lib/libc.a(scanf.o)
                0x02024edc                _scanf_r
                0x02024ea4                scanf
 .text          0x02024f08      0x24c /usr/local/openravenscar/sparc-ork-elf/lib/libc.a(signal.o)
                0x02024f64                _signal_r
                0x02024fc0                _raise_r
                0x0202505c                __sigtramp_r
                0x02025100                signal
                0x02025120                _init_signal
                0x02024f08                _init_signal_r
                0x02025138                __sigtramp
                0x020250e4                raise
 .text          0x02025154       0x4c /usr/local/openravenscar/sparc-ork-elf/lib/libc.a(signalr.o)
                0x02025154                _kill_r
                0x0202518c                _getpid_r
 .text          0x020251a0       0xb4 /usr/local/openravenscar/sparc-ork-elf/lib/libc.a(sprintf.o)
                0x020251a0                _sprintf_r
                0x020251f4                sprintf
 .text          0x02025254       0x8c /usr/local/openravenscar/sparc-ork-elf/lib/libc.a(strcat.o)
                0x02025254                strcat
 .text          0x020252e0       0xb8 /usr/local/openravenscar/sparc-ork-elf/lib/libc.a(strcmp.o)
                0x020252e0                strcmp
 .text          0x02025398       0x8c /usr/local/openravenscar/sparc-ork-elf/lib/libc.a(strcpy.o)
                0x02025398                strcpy
 .text          0x02025424       0x78 /usr/local/openravenscar/sparc-ork-elf/lib/libc.a(strlen.o)
                0x02025424                strlen
 .text          0x0202549c       0xcc /usr/local/openravenscar/sparc-ork-elf/lib/libc.a(strncmp.o)
                0x0202549c                strncmp
 .text          0x02025568       0xd4 /usr/local/openravenscar/sparc-ork-elf/lib/libc.a(strncpy.o)
                0x02025568                strncpy
 .text          0x0202563c       0x68 /usr/local/openravenscar/sparc-ork-elf/lib/libc.a(strstr.o)
                0x0202563c                strstr
 .text          0x020256a4      0x1f8 /usr/local/openravenscar/sparc-ork-elf/lib/libc.a(strtol.o)
                0x02025878                strtol
                0x020256a4                _strtol_r
 .text          0x0202589c     0x19c4 /usr/local/openravenscar/sparc-ork-elf/lib/libc.a(vfprintf.o)
                0x020259a0                _vfprintf_r
                0x02025980                vfprintf
 .text          0x02027260      0xf30 /usr/local/openravenscar/sparc-ork-elf/lib/libc.a(vfscanf.o)
                0x02027260                __svfscanf
                0x020280b0                __sccl
 .text          0x02028190      0x10c /usr/local/openravenscar/sparc-ork-elf/lib/libc.a(wbuf.o)
                0x02028190                __swbuf
 .text          0x0202829c      0x10c /usr/local/openravenscar/sparc-ork-elf/lib/libc.a(wsetup.o)
                0x0202829c                __swsetup
 .text          0x020283a8       0x18 /usr/local/openravenscar/sparc-ork-elf/lib/libc.a(atof.o)
                0x020283a8                atof
 .text          0x020283c0     0x1250 /usr/local/openravenscar/sparc-ork-elf/lib/libc.a(dtoa.o)
                0x020285ac                _dtoa_r
 .text          0x02029610       0x10 /usr/local/openravenscar/sparc-ork-elf/lib/libc.a(envlock.o)
                0x02029618                __env_unlock
                0x02029610                __env_lock
 .text          0x02029620       0xf0 /usr/local/openravenscar/sparc-ork-elf/lib/libc.a(fflush.o)
                0x02029620                fflush
 .text          0x02029710      0x228 /usr/local/openravenscar/sparc-ork-elf/lib/libc.a(findfp.o)
                0x020298c8                __sinit
                0x0202976c                __sfmoreglue
                0x020298b0                _cleanup
                0x02029894                _cleanup_r
                0x020297c4                __sfp
 .text          0x02029938       0xcc /usr/local/openravenscar/sparc-ork-elf/lib/libc.a(fread.o)
                0x02029938                fread
 .text          0x02029a04      0x3c0 /usr/local/openravenscar/sparc-ork-elf/lib/libc.a(freer.o)
                0x02029a04                _free_r
                0x02029ca0                _malloc_trim_r
 .text          0x02029dc4      0x380 /usr/local/openravenscar/sparc-ork-elf/lib/libc.a(fvwrite.o)
                0x02029dc4                __sfvwrite
 .text          0x0202a144       0x60 /usr/local/openravenscar/sparc-ork-elf/lib/libc.a(fwalk.o)
                0x0202a144                _fwalk
 .text          0x0202a1a4       0xa4 /usr/local/openravenscar/sparc-ork-elf/lib/libc.a(locale.o)
                0x0202a1a4                _setlocale_r
                0x0202a204                _localeconv_r
                0x0202a210                setlocale
                0x0202a230                localeconv
 .text          0x0202a248      0x144 /usr/local/openravenscar/sparc-ork-elf/lib/libc.a(makebuf.o)
                0x0202a248                __smakebuf
 .text          0x0202a38c       0x58 /usr/local/openravenscar/sparc-ork-elf/lib/libc.a(mbtowc_r.o)
                0x0202a38c                _mbtowc_r
 .text          0x0202a3e4       0xd4 /usr/local/openravenscar/sparc-ork-elf/lib/libc.a(memchr.o)
                0x0202a3e4                memchr
 .text          0x0202a4b8      0x110 /usr/local/openravenscar/sparc-ork-elf/lib/libc.a(memmove.o)
                0x0202a4b8                memmove
 .text          0x0202a5c8      0xd14 /usr/local/openravenscar/sparc-ork-elf/lib/libc.a(mprec.o)
                0x0202b290                _mprec_log10
                0x0202a83c                _hi0bits
                0x0202a5c8                _Balloc
                0x0202b0cc                _d2b
                0x0202a9ac                _multiply
                0x0202b200                _ratio
                0x0202a77c                _s2b
                0x0202a988                _i2b
                0x0202a8bc                _lo0bits
                0x0202ad7c                __mcmp
                0x0202ab98                _pow5mult
                0x0202af40                _ulp
                0x0202afcc                _b2d
                0x0202a698                _multadd
                0x0202ade4                __mdiff
                0x0202ac80                _lshift
                0x0202a660                _Bfree
 .text          0x0202b2dc      0x19c /usr/local/openravenscar/sparc-ork-elf/lib/libc.a(refill.o)
                0x0202b2f0                __srefill
 .text          0x0202b478       0x38 /usr/local/openravenscar/sparc-ork-elf/lib/libc.a(s_isinf.o)
                0x0202b478                isinf
 .text          0x0202b4b0      0x104 /usr/local/openravenscar/sparc-ork-elf/lib/libc.a(stdio.o)
                0x0202b54c                __sseek
                0x0202b4b0                __sread
                0x0202b59c                __sclose
                0x0202b4fc                __swrite
 .text          0x0202b5b4      0xedc /usr/local/openravenscar/sparc-ork-elf/lib/libc.a(strtod.o)
                0x0202b5b4                _strtod_r
                0x0202c474                strtodf
                0x0202c454                strtod
 .text          0x0202c490      0x1d8 /usr/local/openravenscar/sparc-ork-elf/lib/libc.a(strtoul.o)
                0x0202c644                strtoul
                0x0202c490                _strtoul_r
 .text          0x0202c668      0x228 /usr/local/openravenscar/sparc-ork-elf/lib/libc.a(ungetc.o)
                0x0202c718                ungetc
                0x0202c668                __submore
 .text          0x0202c890       0x3c /usr/local/openravenscar/sparc-ork-elf/lib/libc.a(writer.o)
                0x0202c890                _write_r
 .text          0x0202c8cc       0xa8 /usr/local/openravenscar/sparc-ork-elf/lib/libc.a(callocr.o)
                0x0202c8cc                _calloc_r
 .text          0x0202c974       0x34 /usr/local/openravenscar/sparc-ork-elf/lib/libc.a(closer.o)
                0x0202c974                _close_r
 .text          0x0202c9a8       0x38 /usr/local/openravenscar/sparc-ork-elf/lib/libc.a(fstatr.o)
                0x0202c9a8                _fstat_r
 .text          0x0202c9e0       0x3c /usr/local/openravenscar/sparc-ork-elf/lib/libc.a(lseekr.o)
                0x0202c9e0                _lseek_r
 .text          0x0202ca1c       0x3c /usr/local/openravenscar/sparc-ork-elf/lib/libc.a(readr.o)
                0x0202ca1c                _read_r
 .text          0x0202ca58      0x134 /usr/local/openravenscar/sparc-ork-elf/lib/libork.a(ada_exceptions.o)
                0x0202ca58                Instruction_Access_Exception
                0x0202cb34                Division_By_Zero
                0x0202cb08                Stack_Overflow
                0x0202ca84                Illegal_Instruction
                0x0202cb60                Integer_Overflow
                0x0202cadc                FP_Exception
                0x0202cab0                Address_Not_Aligned
 .text          0x0202cb8c       0x1c /usr/local/openravenscar/sparc-ork-elf/lib/libork.a(close.o)
                0x0202cb8c                close
 .text          0x0202cba8       0x30 /usr/local/openravenscar/sparc-ork-elf/lib/libork.a(execv.o)
                0x0202cba8                execv
 .text          0x0202cbd8       0x28 /usr/local/openravenscar/sparc-ork-elf/lib/libork.a(fork.o)
                0x0202cbd8                fork
 .text          0x0202cc00       0x30 /usr/local/openravenscar/sparc-ork-elf/lib/libork.a(fstat.o)
                0x0202cc00                fstat
 .text          0x0202cc30       0x30 /usr/local/openravenscar/sparc-ork-elf/lib/libork.a(getcwd.o)
                0x0202cc30                getcwd
 .text          0x0202cc60       0x30 /usr/local/openravenscar/sparc-ork-elf/lib/libork.a(getpid.o)
                0x0202cc60                getpid
                0x0202cc78                getppid
 .text          0x0202cc90       0x84 /usr/local/openravenscar/sparc-ork-elf/lib/libork.a(isatty.o)
                0x0202cc90                isatty
 .text          0x0202cd14       0x3c /usr/local/openravenscar/sparc-ork-elf/lib/libork.a(kill.o)
                0x0202cd14                kill
 .text          0x0202cd50       0x30 /usr/local/openravenscar/sparc-ork-elf/lib/libork.a(link.o)
                0x0202cd50                link
 .text          0x0202cd80       0x34 /usr/local/openravenscar/sparc-ork-elf/lib/libork.a(lseek.o)
                0x0202cd80                lseek
 .text          0x0202cdb4       0x34 /usr/local/openravenscar/sparc-ork-elf/lib/libork.a(open.o)
                0x0202cdb4                open
 .text          0x0202cde8      0x148 /usr/local/openravenscar/sparc-ork-elf/lib/libork.a(read.o)
                0x0202cde8                read
 .text          0x0202cf30       0x34 /usr/local/openravenscar/sparc-ork-elf/lib/libork.a(readdir.o)
                0x0202cf30                readdir
 .text          0x0202cf64       0x20 /usr/local/openravenscar/sparc-ork-elf/lib/libork.a(mkdir.o)
                0x0202cf64                mkdir
 .text          0x0202cf84       0xb0 /usr/local/openravenscar/sparc-ork-elf/lib/libork.a(sbrk.o)
                0x0202cf84                sbrk
 .text          0x0202d034       0x30 /usr/local/openravenscar/sparc-ork-elf/lib/libork.a(stat.o)
                0x0202d034                stat
 .text          0x0202d064       0x2c /usr/local/openravenscar/sparc-ork-elf/lib/libork.a(unlink.o)
                0x0202d064                unlink
 .text          0x0202d090       0x2c /usr/local/openravenscar/sparc-ork-elf/lib/libork.a(wait.o)
                0x0202d090                wait
 .text          0x0202d0bc       0xec /usr/local/openravenscar/sparc-ork-elf/lib/libork.a(write.o)
                0x0202d0bc                write
 *fill*         0x0202d1a8        0x8
                0x0202d1b0                .=ALIGN(0x10)
 *(.eh_frame)
 .eh_frame      0x0202d1b0      0x11c /usr/local/openravenscar/lib/gcc-lib/sparc-ork-elf/2.8.1/adalib/libgnat.a(a-init.o)
 .eh_frame      0x0202d2cc       0x24 /usr/local/openravenscar/lib/gcc-lib/sparc-ork-elf/2.8.1/libgcc.a(__dummy.o)
 .eh_frame      0x0202d2f0       0x24 /usr/local/openravenscar/lib/gcc-lib/sparc-ork-elf/2.8.1/libgcc.a(_ashldi3.o)
 .eh_frame      0x0202d314       0x24 /usr/local/openravenscar/lib/gcc-lib/sparc-ork-elf/2.8.1/libgcc.a(_cmpdi2.o)
 .eh_frame      0x0202d338       0x2c /usr/local/openravenscar/lib/gcc-lib/sparc-ork-elf/2.8.1/libgcc.a(_divdi3.o)
 .eh_frame      0x0202d364       0x2c /usr/local/openravenscar/lib/gcc-lib/sparc-ork-elf/2.8.1/libgcc.a(_fixsfdi.o)
 .eh_frame      0x0202d390       0x2c /usr/local/openravenscar/lib/gcc-lib/sparc-ork-elf/2.8.1/libgcc.a(_fixunsdfdi.o)
 .eh_frame      0x0202d3bc       0x2c /usr/local/openravenscar/lib/gcc-lib/sparc-ork-elf/2.8.1/libgcc.a(_fixunssfdi.o)
 .eh_frame      0x0202d3e8       0x28 /usr/local/openravenscar/lib/gcc-lib/sparc-ork-elf/2.8.1/libgcc.a(_floatdidf.o)
 .eh_frame      0x0202d410       0x28 /usr/local/openravenscar/lib/gcc-lib/sparc-ork-elf/2.8.1/libgcc.a(_floatdisf.o)
 .eh_frame      0x0202d438       0x24 /usr/local/openravenscar/lib/gcc-lib/sparc-ork-elf/2.8.1/libgcc.a(_lshrdi3.o)
 .eh_frame      0x0202d45c       0x2c /usr/local/openravenscar/lib/gcc-lib/sparc-ork-elf/2.8.1/libgcc.a(_muldi3.o)
 .eh_frame      0x0202d488       0x2c /usr/local/openravenscar/lib/gcc-lib/sparc-ork-elf/2.8.1/libgcc.a(_udivdi3.o)
 .eh_frame      0x0202d4b4       0x2c /usr/local/openravenscar/lib/gcc-lib/sparc-ork-elf/2.8.1/libgcc.a(_umoddi3.o)
 .eh_frame      0x0202d4e0      0x11c /usr/local/openravenscar/lib/gcc-lib/sparc-ork-elf/2.8.1/libgcc.a(frame.o)
 *fill*         0x0202d5fc        0x4
                0x0202d600                .=ALIGN(0x10)
 *(.rodata)
 .rodata        0x0202d600      0x23c ./devices.o
 *fill*         0x0202d83c        0x4
 .rodata        0x0202d840       0x4c ./workload.o
 *fill*         0x0202d88c        0x4
 .rodata        0x0202d890       0x52 ./tools.o
 *fill*         0x0202d8e2        0x6
 .rodata        0x0202d8e8       0xa7 ./add.o
 *fill*         0x0202d98f        0x1
 .rodata        0x0202d990        0x8 /usr/local/openravenscar/lib/gcc-lib/sparc-ork-elf/2.8.1/adalib/libgnarl.a(a-reatim.o)
 .rodata        0x0202d998        0x8 /usr/local/openravenscar/lib/gcc-lib/sparc-ork-elf/2.8.1/adalib/libgnarl.a(a-retide.o)
 .rodata        0x0202d9a0       0x24 /usr/local/openravenscar/lib/gcc-lib/sparc-ork-elf/2.8.1/adalib/libgnarl.a(s-taprob.o)
 *fill*         0x0202d9c4        0x4
 .rodata        0x0202d9c8       0xd0 /usr/local/openravenscar/lib/gcc-lib/sparc-ork-elf/2.8.1/adalib/libgnarl.a(s-taprop.o)
 .rodata        0x0202da98       0x50 /usr/local/openravenscar/lib/gcc-lib/sparc-ork-elf/2.8.1/adalib/libgnarl.a(s-tarest.o)
 .rodata        0x0202dae8      0x14a /usr/local/openravenscar/lib/gcc-lib/sparc-ork-elf/2.8.1/adalib/libgnarl.a(s-tasdeb.o)
 *fill*         0x0202dc32        0x2
 .rodata        0x0202dc34      0x300 /usr/local/openravenscar/lib/gcc-lib/sparc-ork-elf/2.8.1/adalib/libgnarl.a(s-taskin.o)
 .rodata        0x0202df34        0x8 /usr/local/openravenscar/lib/gcc-lib/sparc-ork-elf/2.8.1/adalib/libgnarl.a(kernel-interrupts.o)
 .rodata        0x0202df3c        0x4 /usr/local/openravenscar/lib/gcc-lib/sparc-ork-elf/2.8.1/adalib/libgnarl.a(kernel-threads-queues.o)
 .rodata        0x0202df40       0x7c /usr/local/openravenscar/lib/gcc-lib/sparc-ork-elf/2.8.1/adalib/libgnarl.a(kernel-peripherals.o)
 *fill*         0x0202dfbc        0x4
 .rodata        0x0202dfc0      0x184 /usr/local/openravenscar/lib/gcc-lib/sparc-ork-elf/2.8.1/adalib/libgnat.a(a-except.o)
 *fill*         0x0202e144        0x4
 .rodata        0x0202e148        0xd /usr/local/openravenscar/lib/gcc-lib/sparc-ork-elf/2.8.1/adalib/libgnat.a(a-finali.o)
 *fill*         0x0202e155        0x3
 .rodata        0x0202e158      0x82c /usr/local/openravenscar/lib/gcc-lib/sparc-ork-elf/2.8.1/adalib/libgnat.a(a-nuelfu.o)
 *fill*         0x0202e984        0x4
 .rodata        0x0202e988       0x42 /usr/local/openravenscar/lib/gcc-lib/sparc-ork-elf/2.8.1/adalib/libgnat.a(a-tags.o)
 *fill*         0x0202e9ca        0x6
 .rodata        0x0202e9d0        0xd /usr/local/openravenscar/lib/gcc-lib/sparc-ork-elf/2.8.1/adalib/libgnat.a(g-except.o)
 *fill*         0x0202e9dd        0x3
 .rodata        0x0202e9e0       0xab /usr/local/openravenscar/lib/gcc-lib/sparc-ork-elf/2.8.1/adalib/libgnat.a(i-c.o)
 *fill*         0x0202ea8b        0x5
 .rodata        0x0202ea90       0x24 /usr/local/openravenscar/lib/gcc-lib/sparc-ork-elf/2.8.1/adalib/libgnat.a(s-arit64.o)
 *fill*         0x0202eab4        0x4
 .rodata        0x0202eab8        0x5 /usr/local/openravenscar/lib/gcc-lib/sparc-ork-elf/2.8.1/adalib/libgnat.a(s-exctab.o)
 *fill*         0x0202eabd        0x3
 .rodata        0x0202eac0       0x40 /usr/local/openravenscar/lib/gcc-lib/sparc-ork-elf/2.8.1/adalib/libgnat.a(s-exnflt.o)
 .rodata        0x0202eb00       0xd0 /usr/local/openravenscar/lib/gcc-lib/sparc-ork-elf/2.8.1/adalib/libgnat.a(s-fatflt.o)
                0x0202eb38                system__fat_flt__fat_float__r_neg_power
                0x0202eb00                system__fat_flt__fat_float__log_power
                0x0202eb1c                system__fat_flt__fat_float__r_power
 .rodata        0x0202ebd0       0x68 /usr/local/openravenscar/lib/gcc-lib/sparc-ork-elf/2.8.1/adalib/libgnat.a(s-finimp.o)
 .rodata        0x0202ec38       0x47 /usr/local/openravenscar/lib/gcc-lib/sparc-ork-elf/2.8.1/adalib/libgnat.a(s-finroo.o)
 *fill*         0x0202ec7f        0x1
 .rodata        0x0202ec80        0x8 /usr/local/openravenscar/lib/gcc-lib/sparc-ork-elf/2.8.1/adalib/libgnat.a(s-imgint.o)
 .rodata        0x0202ec88       0x58 /usr/local/openravenscar/lib/gcc-lib/sparc-ork-elf/2.8.1/adalib/libgnat.a(s-imgrea.o)