Archive member included       because of file (symbol)

/usr/local/openravenscar/lib/gcc-lib/sparc-ork-elf/2.8.1/adalib/libgnarl.a(a-reatim.o)
                              ./devices.o (ada__real_time__clock)
/usr/local/openravenscar/lib/gcc-lib/sparc-ork-elf/2.8.1/adalib/libgnarl.a(a-retide.o)
                              ./add.o (ada__real_time__delays__delay_until)
/usr/local/openravenscar/lib/gcc-lib/sparc-ork-elf/2.8.1/adalib/libgnarl.a(s-taprob.o)
                              ./devices.o (system__tasking__protected_objects__initialize_protection)
/usr/local/openravenscar/lib/gcc-lib/sparc-ork-elf/2.8.1/adalib/libgnarl.a(s-taprop.o)
                              /usr/local/openravenscar/lib/gcc-lib/sparc-ork-elf/2.8.1/adalib/libgnarl.a(a-retide.o) (system__task_primitives__operations__self)
/usr/local/openravenscar/lib/gcc-lib/sparc-ork-elf/2.8.1/adalib/libgnarl.a(s-tarest.o)
                              ./add.o (system__tasking__restricted__stages__create_restricted_task)
/usr/local/openravenscar/lib/gcc-lib/sparc-ork-elf/2.8.1/adalib/libgnarl.a(s-tasdeb.o)
                              b~main.o (system__tasking__debug___elabs)
/usr/local/openravenscar/lib/gcc-lib/sparc-ork-elf/2.8.1/adalib/libgnarl.a(s-taskin.o)
                              /usr/local/openravenscar/lib/gcc-lib/sparc-ork-elf/2.8.1/adalib/libgnarl.a(s-tasdeb.o) (system__tasking__task_statesT)
/usr/local/openravenscar/lib/gcc-lib/sparc-ork-elf/2.8.1/adalib/libgnarl.a(s-taspri.o)
                              /usr/local/openravenscar/lib/gcc-lib/sparc-ork-elf/2.8.1/adalib/libgnarl.a(s-taskin.o) (system__task_primitives___init_proc)
/usr/local/openravenscar/lib/gcc-lib/sparc-ork-elf/2.8.1/adalib/libgnarl.a(kernel-interrupts.o)
                              b~main.o (kernel__interrupts___elabb)
/usr/local/openravenscar/lib/gcc-lib/sparc-ork-elf/2.8.1/adalib/libgnarl.a(kernel-threads.o)
                              b~main.o (kernel__threads___elabs)
/usr/local/openravenscar/lib/gcc-lib/sparc-ork-elf/2.8.1/adalib/libgnarl.a(kernel-threads-atcb.o)
                              /usr/local/openravenscar/lib/gcc-lib/sparc-ork-elf/2.8.1/adalib/libgnarl.a(s-taprop.o) (kernel__threads__atcb__set_atcb)
/usr/local/openravenscar/lib/gcc-lib/sparc-ork-elf/2.8.1/adalib/libgnarl.a(kernel-threads-queues.o)
                              /usr/local/openravenscar/lib/gcc-lib/sparc-ork-elf/2.8.1/adalib/libgnarl.a(s-taprop.o) (running_thread)
/usr/local/openravenscar/lib/gcc-lib/sparc-ork-elf/2.8.1/adalib/libgnarl.a(kernel-threads-protection.o)
                              /usr/local/openravenscar/lib/gcc-lib/sparc-ork-elf/2.8.1/adalib/libgnarl.a(kernel-threads.o) (kernel__threads__protection__dispatch)
/usr/local/openravenscar/lib/gcc-lib/sparc-ork-elf/2.8.1/adalib/libgnarl.a(kernel-time.o)
                              /usr/local/openravenscar/lib/gcc-lib/sparc-ork-elf/2.8.1/adalib/libgnarl.a(s-taprop.o) (kernel_clock)
/usr/local/openravenscar/lib/gcc-lib/sparc-ork-elf/2.8.1/adalib/libgnarl.a(kernel-memory.o)
                              /usr/local/openravenscar/sparc-ork-elf/lib/ada_crt0.o (environment_stack)
/usr/local/openravenscar/lib/gcc-lib/sparc-ork-elf/2.8.1/adalib/libgnarl.a(kernel-cpu_primitives.o)
                              /usr/local/openravenscar/lib/gcc-lib/sparc-ork-elf/2.8.1/adalib/libgnarl.a(kernel-threads-protection.o) (kernel__cpu_primitives__context_switch)
/usr/local/openravenscar/lib/gcc-lib/sparc-ork-elf/2.8.1/adalib/libgnarl.a(kernel-peripherals-registers.o)
                              b~main.o (kernel__peripherals__registers___elabs)
/usr/local/openravenscar/lib/gcc-lib/sparc-ork-elf/2.8.1/adalib/libgnarl.a(kernel-peripherals.o)
                              /usr/local/openravenscar/lib/gcc-lib/sparc-ork-elf/2.8.1/adalib/libgnarl.a(kernel-interrupts.o) (kernel__peripherals__to_vector)
/usr/local/openravenscar/lib/gcc-lib/sparc-ork-elf/2.8.1/adalib/libgnarl.a(kernel-serial_output.o)
                              ./devices.o (kernel__serial_output__put__2)
/usr/local/openravenscar/lib/gcc-lib/sparc-ork-elf/2.8.1/adalib/libgnarl.a(context.o)
                              /usr/local/openravenscar/sparc-ork-elf/lib/ada_crt0.o (context_trap)
/usr/local/openravenscar/lib/gcc-lib/sparc-ork-elf/2.8.1/adalib/libgnarl.a(install_handler.o)
                              /usr/local/openravenscar/sparc-ork-elf/lib/ada_crt0.o (FP_Save_Pending)
/usr/local/openravenscar/lib/gcc-lib/sparc-ork-elf/2.8.1/adalib/libgnarl.a(int_level.o)
                              /usr/local/openravenscar/lib/gcc-lib/sparc-ork-elf/2.8.1/adalib/libgnarl.a(kernel-threads-protection.o) (disable_interrupts)
/usr/local/openravenscar/lib/gcc-lib/sparc-ork-elf/2.8.1/adalib/libgnat.a(a-except.o)
                              b~main.o (ada__exceptions___elabs)
/usr/local/openravenscar/lib/gcc-lib/sparc-ork-elf/2.8.1/adalib/libgnat.a(a-filico.o)
                              b~main.o (ada__finalization__list_controller___elabs)
[...]
Memory Configuration

Name             Origin             Length             Attributes
rom              0x00000000         0x00200000         xr
ram              0x02000000         0x003f8000         xrw
*default*        0x00000000         0xffffffff

Linker script and memory map

                0x00200000                PROM_SIZE=0x200000
                0x00400000                RAM_SIZE=0x400000
                0x00000000                PROM_START=0x0
                0x00200000                PROM_END=(PROM_START+PROM_SIZE)
                0x02000000                RAM_START=0x2000000
                0x02400000                RAM_END=(RAM_START+RAM_SIZE)

.text           0x02000000    0x32ac0
 CREATE_OBJECT_SYMBOLS
                0x02000000                text_start=.
 *(.text)
 .text          0x02000000     0x1384 /usr/local/openravenscar/sparc-ork-elf/lib/ada_crt0.o
                0x020011bc                __exit
                0x02000000                trap_table
                0x02000000                start
                0x020011bc                _exit
 .text          0x02001384      0x24c b~main.o
                0x020015b8                ada_main___elabb
                0x02001384                adainit
                0x02001538                main
                0x0200151c                adafinal
 .text          0x020015d0       0x1c ./main.o
                0x020015d0                _ada_main
 .text          0x020015ec     0x50d8 ./devices.o
                0x02004c48                devices___init_proc__6
                0x020058f8                devices__display_distance
                0x02005ba0                devices__display_electrodes_sample
                0x02001788                devices__reading_sensors
                0x02003528                devices__reading_speed
                0x02005ab4                devices__display_headposition_sample
                0x02005a20                devices__display_steering
                0x02004094                devices___init_proc__5
                0x02001728                devices___init_proc
                0x020028fc                devices___init_proc__3
                0x02006318                devices(bool,...)(...)( *)
                0x02001d98                devices__reading_eyesimage
                0x0200598c                devices__display_speed
                0x0200664c                devices___elabb
                0x020065f0                devices__activate_brake
                0x02004ca8                devices__reading_steering
                0x02005eb8                devices__display_cronometro
                0x02006230                devices__light
                0x020034c8                devices___init_proc__4
                0x020040f4                devices__reading_headposition
                0x0200295c                devices__reading_distance
                0x02006594                devices__activate_automatic_driving
                0x02001d38                devices___init_proc__2
                0x020015ec                devices___elabs
                0x02005c8c                devices__display_eyes_sample
                0x02005814                devices__display_pulse_rate
 .text          0x020066c4      0x9a8 ./workload.o
                0x020066c4                workload___elabs
                0x02006ac4                workload__small_whetstone
                0x02007054                workload___elabb
 .text          0x0200706c      0x848 ./tools.o
                0x02007884                tools___elabb
                0x02007810                tools__execution_time
                0x02007760                tools__finishing_notice
                0x020076b0                tools__starting_notice
                0x0200706c                tools___elabs
                0x02007358                tools__print_an_integer
                0x02007510                tools__print_a_float
                0x020070b8                tools__current_time
 .text          0x020078b4     0x2dd8 ./add.o
                0x02007968                add___init_proc__3
                0x020078f0                add___init_proc
                0x02007af0                add___init_proc__5
                0x020078b4                add__background
                0x02007a2c                add___init_proc__4
                0x02007c78                add___init_proc__7
                0x0200a260                add___elabb
                0x0200792c                add___init_proc__2
                0x02007bb4                add___init_proc__6
 .text          0x0200a68c      0x5e4 /usr/local/openravenscar/lib/gcc-lib/sparc-ork-elf/2.8.1/adalib/libgnarl.a(a-reatim.o)
                0x0200a6b8                ada__real_time__Oadd__2
                0x0200a88c                ada__real_time__split
                0x0200a6a8                ada__real_time__Oadd
                0x0200a708                ada__real_time__Osubtract__4
                0x0200a80c                ada__real_time__nanoseconds
                0x0200a778                ada__real_time__Odivide__2
                0x0200a734                ada__real_time__Odivide
                0x0200a6e8                ada__real_time__Osubtract__2
                0x0200a7fc                ada__real_time__to_duration
                0x0200aba4                ada__real_time__time_of
                0x0200a6c8                ada__real_time__Oadd__3
                0x0200a85c                ada__real_time__milliseconds
                0x0200a68c                ada__real_time__clock
                0x0200a830                ada__real_time__microseconds
                0x0200a6d8                ada__real_time__Osubtract
                0x0200a6f8                ada__real_time__Osubtract__3
                0x0200a804                ada__real_time__to_time_span
                0x0200a7d0                ada__real_time__Omultiply__2
                0x0200a7a4                ada__real_time__Omultiply
 .text          0x0200ac70       0x68 /usr/local/openravenscar/lib/gcc-lib/sparc-ork-elf/2.8.1/adalib/libgnarl.a(a-retide.o)
                0x0200acb4                ada__real_time__delays__to_duration
                0x0200ac70                ada__real_time__delays__delay_until
 .text          0x0200acd8      0x10c /usr/local/openravenscar/lib/gcc-lib/sparc-ork-elf/2.8.1/adalib/libgnarl.a(s-taprob.o)
                0x0200adc4                system__tasking__protected_objects___init_proc
                0x0200ad94                system__tasking__protected_objects__unlock
                0x0200ad04                system__tasking__protected_objects__lock
                0x0200add0                system__tasking__protected_objects___init_proc__2
                0x0200acd8                system__tasking__protected_objects__initialize_protection
                0x0200ad4c                system__tasking__protected_objects__lock_read_only
                0x0200adac                system__tasking__protected_objects__finalize_protection
 .text          0x0200ade4      0x978 /usr/local/openravenscar/lib/gcc-lib/sparc-ork-elf/2.8.1/adalib/libgnarl.a(s-taprop.o)
                0x0200b064                system__task_primitives__operations__get_priority
                0x0200aedc                system__task_primitives__operations__unlock__2
                0x0200b23c                system__task_primitives__operations__check_no_locks
                0x0200ae60                system__task_primitives__operations__write_lock
                0x0200b29c                system__task_primitives__operations__resume_task
                0x0200b31c                system__task_primitives__operations___elabb
                0x0200afa8                system__task_primitives__operations__clock
                0x0200ae7c                system__task_primitives__operations__write_lock__2
                0x0200ae1c                system__task_primitives__operations__get_thread_id
                0x0200af30                system__task_primitives__operations__timed_delay
                0x0200b044                system__task_primitives__operations__set_priority
                0x0200af0c                system__task_primitives__operations__timed_sleep
                0x0200ae00                system__task_primitives__operations__self
                0x0200aef4                system__task_primitives__operations__sleep
                0x0200b220                system__task_primitives__operations__set_exit_task_procedure
                0x0200aec8                system__task_primitives__operations__unlock
                0x0200b254                system__task_primitives__operations__environment_task
                0x0200ae28                system__task_primitives__operations__initialize_lock
                0x0200b550                system__task_primitives__operations___init_proc
                0x0200b204                system__task_primitives__operations__exit_task
                0x0200afcc                system__task_primitives__operations__wakeup
                0x0200ade4                system__task_primitives__operations__set
                0x0200b22c                system__task_primitives__operations__abort_task
                0x0200b260                system__task_primitives__operations__lock_all_tasks_list
                0x0200ae94                system__task_primitives__operations__write_lock__3
                0x0200b1f4                system__task_primitives__operations__finalize_tcb
                0x0200b0e0                system__task_primitives__operations__new_atcb
                0x0200b294                system__task_primitives__operations__suspend_task
                0x0200afe0                system__task_primitives__operations__yield
                0x0200b27c                system__task_primitives__operations__unlock_all_tasks_list
                0x0200b2a4                system__task_primitives__operations__initialize
                0x0200b234                system__task_primitives__operations__check_exit
                0x0200b158                system__task_primitives__operations__initialize_tcb
                0x0200ae14                system__task_primitives__operations__stack_guard
                0x0200ae58                system__task_primitives__operations__finalize_lock
                0x0200b1fc                system__task_primitives__operations__default_exit_task_procedure
                0x0200b194                system__task_primitives__operations__create_task
                0x0200ae40                system__task_primitives__operations__initialize_lock__2
                0x0200aeac                system__task_primitives__operations__read_lock
                0x0200b07c                system__task_primitives__operations__enter_task
 .text          0x0200b75c      0x924 /usr/local/openravenscar/lib/gcc-lib/sparc-ork-elf/2.8.1/adalib/libgnarl.a(s-tarest.o)
                0x0200b9d0                system__tasking__restricted__stages__create_restricted_task
                0x0200bed0                system__tasking__restricted__stages__restricted_terminated
                0x0200bbe0                system__tasking__restricted__stages__activate_restricted_tasks
                0x0200bda0                system__tasking__restricted__stages__complete_restricted_activation
                0x0200bee4                system__tasking__restricted__stages__finalize_global_tasks
                0x0200bf38                system__tasking__restricted__stages___elabb
                0x0200be70                system__tasking__restricted__stages__complete_restricted_task
 .text          0x0200c080      0xf44 /usr/local/openravenscar/lib/gcc-lib/sparc-ork-elf/2.8.1/adalib/libgnarl.a(s-tasdeb.o)
                0x0200ccf8                system__tasking__debug__image
                0x0200cf9c                system__tasking__debug___init_proc__2
                0x0200c9d4                system__tasking__debug__print_current_task
                0x0200cc48                system__tasking__debug__trace__2
                0x0200c080                system__tasking__debug___elabs
                0x0200c9f0                system__tasking__debug__list_tasks
                0x0200cea0                system__tasking__debug__resume_all_tasks
                0x0200c0f8                system__tasking__debug__set_user_state
                0x0200c820                system__tasking__debug__print_task_info_header
                0x0200cf5c                system__tasking__debug___init_proc
                0x0200c0e4                system__tasking__debug__self
                0x0200ced8                system__tasking__debug___elabb
                0x0200ca30                system__tasking__debug__print_accept_info
                0x0200cce4                system__tasking__debug__set_trace
                0x0200caf4                system__tasking__debug__trace
                0x0200cc7c                system__tasking__debug__trace__3
                0x0200ccb0                system__tasking__debug__trace__4
                0x0200c3e0                system__tasking__debug__print_task_info
                0x0200c0dc                system__tasking__debug__task_termination_hook
                0x0200c0d4                system__tasking__debug__task_creation_hook
                0x0200ce68                system__tasking__debug__suspend_all_tasks
 .text          0x0200cfc4      0x75c /usr/local/openravenscar/lib/gcc-lib/sparc-ork-elf/2.8.1/adalib/libgnarl.a(s-taskin.o)
                0x0200d3d8                system__tasking___init_proc__3
                0x0200d680                system__tasking___init_proc__8
                0x0200d640                system__tasking___init_proc__7
                0x0200cfc4                system__tasking__self
                0x0200d3a0                system__tasking___init_proc__2
                0x0200d100                system__tasking___elabb
                0x0200d454                system__tasking___init_proc__4
                0x0200d68c                system__tasking___init_proc__9
                0x0200d34c                system__tasking___init_proc
                0x0200d4a8                system__tasking___init_proc__6
                0x0200cfd8                system__tasking__initialize_atcb
                0x0200d460                system__tasking___init_proc__5
 .text          0x0200d720       0x14 /usr/local/openravenscar/lib/gcc-lib/sparc-ork-elf/2.8.1/adalib/libgnarl.a(s-taspri.o)
                0x0200d720                system__task_primitives___init_proc
 .text          0x0200d734      0x1f0 /usr/local/openravenscar/lib/gcc-lib/sparc-ork-elf/2.8.1/adalib/libgnarl.a(kernel-interrupts.o)
                0x0200d7fc                kernel_detach_interrupt_handler
                0x0200d844                kernel__interrupts___elabb
                0x0200d734                kernel__interrupts__null_handler
                0x0200d73c                kernel__interrupts__wrapper
                0x0200d824                kernel_current_interrupt_handler
                0x0200d79c                kernel_attach_interrupt_handler
                0x0200d8c8                kernel__interrupts___init_proc__2
                0x0200d8b0                kernel__interrupts___init_proc
 .text          0x0200d924      0x5dc /usr/local/openravenscar/lib/gcc-lib/sparc-ork-elf/2.8.1/adalib/libgnarl.a(kernel-threads.o)
                0x0200d924                kernel__threads___elabs
                0x0200dec4                kernel__threads___init_proc__3
                0x0200db94                kernel_yield
                0x0200dc94                kernel_check_no_mutexes
                0x0200dca4                kernel_condition_init
                0x0200daf4                kernel__threads__set_active_priority
                0x0200daa8                kernel_set_priority
                0x0200dd68                kernel_condition_signal
                0x0200ddc8                kernel_thread_create
                0x0200d9b0                kernel__threads__default_dummy_task_function
                0x0200de90                kernel_thread_self
                0x0200d960                kernel__threads__thread_caller
                0x0200dcac                kernel_condition_wait
                0x0200d9c0                kernel_initialize
                0x0200dc34                kernel_mutex_unlock
                0x0200dbdc                kernel_mutex_lock
                0x0200dbd0                kernel_mutex_init
                0x0200dea0                kernel__threads___elabb
                0x0200deb0                kernel__threads___init_proc
                0x0200debc                kernel__threads___init_proc__2
                0x0200db78                kernel_get_priority
 .text          0x0200df00       0x28 /usr/local/openravenscar/lib/gcc-lib/sparc-ork-elf/2.8.1/adalib/libgnarl.a(kernel-threads-atcb.o)
                0x0200df18                kernel__threads__atcb___elabb
                0x0200df08                kernel__threads__atcb__thread_self_atcb
                0x0200df00                kernel__threads__atcb__set_atcb
 .text          0x0200df28      0x478 /usr/local/openravenscar/lib/gcc-lib/sparc-ork-elf/2.8.1/adalib/libgnarl.a(kernel-threads-queues.o)
                0x0200e140                kernel__threads__queues__insert_alarm
                0x0200dfe4                kernel__threads__queues__insert_at_tail
                0x0200df40                kernel__threads__queues__insert_at_head
                0x0200e20c                kernel__threads__queues__extract_first_alarm
                0x0200e0f4                kernel__threads__queues__get_new_thread_descriptor
                0x0200e310                kernel__threads__queues___init_proc
                0x0200e088                kernel__threads__queues__extract_from_ready
                0x0200e238                kernel__threads__queues__get_next_alarm_time
                0x0200e26c                kernel__threads__queues___elabb
                0x0200e0d0                kernel__threads__queues__next_running
                0x0200df34                kernel__threads__queues__environment_thread_id
                0x0200df28                kernel__threads__queues__dummy_thread_id
 .text          0x0200e3a0      0x108 /usr/local/openravenscar/lib/gcc-lib/sparc-ork-elf/2.8.1/adalib/libgnarl.a(kernel-threads-protection.o)
                0x0200e3c4                kernel__threads__protection__leave_kernel
                0x0200e3a0                kernel__threads__protection__dispatch
                0x0200e498                kernel__threads__protection___elabb
                0x0200e3b0                kernel__threads__protection__enter_kernel
 .text          0x0200e4a8      0x3c4 /usr/local/openravenscar/lib/gcc-lib/sparc-ork-elf/2.8.1/adalib/libgnarl.a(kernel-time.o)
                0x0200e560                kernel_delay_until
                0x0200e4a8                kernel_clock
                0x0200e82c                kernel__time___elabb
 .text          0x0200e86c       0x9c /usr/local/openravenscar/lib/gcc-lib/sparc-ork-elf/2.8.1/adalib/libgnarl.a(kernel-memory.o)
                0x0200e8c8                kernel__memory___elabb
                0x0200e874                kernel_new_stack
                0x0200e86c                kernel_new_memory_region
 .text          0x0200e908       0x88 /usr/local/openravenscar/lib/gcc-lib/sparc-ork-elf/2.8.1/adalib/libgnarl.a(kernel-cpu_primitives.o)
                0x0200e908                kernel__cpu_primitives__context_switch
                0x0200e914                kernel__cpu_primitives__initialize_context
                0x0200e980                kernel__cpu_primitives___elabb
 .text          0x0200e990       0x44 /usr/local/openravenscar/lib/gcc-lib/sparc-ork-elf/2.8.1/adalib/libgnarl.a(kernel-peripherals-registers.o)
                0x0200e990                kernel__peripherals__registers___elabs
 .text          0x0200e9d4      0x6ac /usr/local/openravenscar/lib/gcc-lib/sparc-ork-elf/2.8.1/adalib/libgnarl.a(kernel-peripherals.o)
                0x0200e9e4                kernel__peripherals__stop_watch_dog
                0x0200e9d4                kernel__peripherals__to_vector
                0x0200ea00                kernel__peripherals__init_clock
                0x0200efcc                kernel__peripherals___elabb
                0x0200eae4                kernel__peripherals__cancel_and_set_alarm
                0x0200eac0                kernel__peripherals__init_board
                0x0200eaf8                kernel__peripherals__set_alarm
                0x0200ec6c                kernel__peripherals__read_clock
                0x0200ecdc                kernel__peripherals__clear_alarm_interrupt
                0x0200ef0c                kernel__peripherals__uart_send
                0x0200ece4                kernel__peripherals__clear_clock_interrupt
                0x0200ee20                kernel__peripherals__init_uart
                0x0200e9f8                kernel__peripherals__memory_configuration
                0x0200ecec                kernel__peripherals__protect_segment
                0x0200e9dc                kernel__peripherals__priority_of_interrupt
 .text          0x0200f080       0xe4 /usr/local/openravenscar/lib/gcc-lib/sparc-ork-elf/2.8.1/adalib/libgnarl.a(kernel-serial_output.o)
                0x0200f0d8                kernel_new_line
                0x0200f0ec                kernel_put_line_c
                0x0200f098                kernel__serial_output__put__2
                0x0200f080                kernel_put_c
                0x0200f108                kernel__serial_output__put_line__2
                0x0200f138                kernel__serial_output___elabb
 .text          0x0200f164      0x2dc /usr/local/openravenscar/lib/gcc-lib/sparc-ork-elf/2.8.1/adalib/libgnarl.a(context.o)
                0x0200f438                exit_from_context_switch
                0x0200f164                context_switch
                0x0200f170                context_trap
 .text          0x0200f440      0x60c /usr/local/openravenscar/lib/gcc-lib/sparc-ork-elf/2.8.1/adalib/libgnarl.a(install_handler.o)
                0x0200f4f8                set_next_running
                0x0200f440                enable_traps
                0x0200f4a4                install_trap_handler
                0x0200f454                install_int_handler
 .text          0x0200fa4c       0x34 /usr/local/openravenscar/lib/gcc-lib/sparc-ork-elf/2.8.1/adalib/libgnarl.a(int_level.o)
                0x0200fa4c                disable_interrupts
                0x0200fa64                enable_interrupts
 .text          0x0200fa80     0x25c0 /usr/local/openravenscar/lib/gcc-lib/sparc-ork-elf/2.8.1/adalib/libgnat.a(a-except.o)
                0x020112e8                ada__exceptions__sdp_table_sort_move
                0x02011448                ada__exceptions__string_to_eid
                0x02010b04                __gnat_raise_nodefer_with_msg
                0x0200fcb0                ada__exceptions__current_target_exception
                0x02010c7c                ada__exceptions__raise_from_signal_handler
                0x0200fb00                ada__exceptions__address_image
                0x02010f00                ada__exceptions__save_occurrence
                0x02011ae4                __gnat_notify_exception
                0x020107c4                ada__exceptions__propagate_exception
                0x02010638                ada__exceptions__exception_name_simple
                0x02010e54                __gnat_reraise
                0x02010be4                __gnat_raise_exception
                0x0200fa80                ada__exceptions___elabs
                0x0200fc08                __gnat_break_start
                0x0200fbf4                ada__exceptions__allocate_machine_state
                0x0200fcd4                ada__exceptions__deallocate_machine_state
                0x0200ff88                ada__exceptions__exception_information
                0x02010db4                __gnat_raise_storage_error
                0x0200fd44                ada__exceptions__eo_to_string
                0x0201124c                ada__exceptions__sdp_table_sort_lt
                0x02011f58                ada__exceptions__raise_exception_no_defer
                0x02010544                ada__exceptions__exception_name__2
                0x02012000                ada__exceptions__zzz
                0x0200faf0                ada__exceptions__poll
                0x02010dd4                ada__exceptions__raise_with_c_msg
                0x02011b78                ada__exceptions__unhandled_exception_terminate
                0x0200fce8                ada__exceptions__eid_to_string
                0x02010f94                ada__exceptions__save_occurrence__2
                0x02010d40                ada__exceptions__raise_with_location
                0x02010d18                ada__exceptions__raise_no_msg
                0x02010480                ada__exceptions__exception_message
                0x02011318                ada__exceptions__set_exception_c_msg
                0x02011570                ada__exceptions__string_to_eo
                0x02010d74                __gnat_raise_constraint_error
                0x02010e8c                ada__exceptions__reraise_occurrence
                0x02012008                ada__exceptions___elabb
                0x02012030                ada__exceptions___init_proc
                0x02010608                ada__exceptions__exception_name
                0x0200faf8                ada__exceptions__aaa
                0x02010ed4                ada__exceptions__reraise_occurrence_no_defer
                0x0200fda4                ada__exceptions__exception_identity
                0x02010fc0                __gnat_SDP_Table_Build
                0x02011adc                __gnat_unhandled_exception
                0x0200fc10                ada__exceptions__call_chain
                0x02010e08                __gnat_raise_with_msg
                0x02010d94                __gnat_raise_program_error
 .text          0x02012040      0x2ec /usr/local/openravenscar/lib/gcc-lib/sparc-ork-elf/2.8.1/adalib/libgnat.a(a-filico.o)
                0x0201208c                ada__finalization__list_controller___deep_finalize__2
                0x020122f8                ada__finalization__list_controller___init_proc__2
                0x020122bc                ada__finalization__list_controller__finalize
                0x0201207c                ada__finalization__list_controller___size__2
                0x020122d4                ada__finalization__list_controller___init_proc
                0x02012288                ada__finalization__list_controller__finalize__2
                0x020120b8                ada__finalization__list_controller___elabs
                0x02012040                ada__finalization__list_controller___size
                0x02012270                ada__finalization__list_controller__initialize__2
                0x02012050                ada__finalization__list_controller___deep_finalize
 .text          0x0201232c      0x560 /usr/local/openravenscar/lib/gcc-lib/sparc-ork-elf/2.8.1/adalib/libgnat.a(a-finali.o)
                0x0201258c                ada__finalization___size__4
                0x0201280c                ada__finalization__initialize
                0x02012824                ada__finalization__Oeq__2
                0x0201284c                ada__finalization___init_proc
                0x02012354                ada__finalization___write__3
                0x02012844                ada__finalization__finalize__2
                0x0201232c                ada__finalization___size__3
                0x0201233c                ada__finalization___read__3
                0x02012814                ada__finalization__adjust
                0x0201286c                ada__finalization___init_proc__2
                0x020125c8                ada__finalization___elabs
                0x0201281c                ada__finalization__finalize
                0x02012538                ada__finalization___deep_adjust
                0x0201283c                ada__finalization__initialize__2
                0x0201236c                ada__finalization___assign__3
                0x02012560                ada__finalization___deep_finalize
                0x0201259c                ada__finalization___deep_finalize__2
 .text          0x0201288c       0x6c /usr/local/openravenscar/lib/gcc-lib/sparc-ork-elf/2.8.1/adalib/libgnat.a(a-ioexce.o)
                0x0201288c                ada__io_exceptions___elabs
 .text          0x020128f8     0x1e98 /usr/local/openravenscar/lib/gcc-lib/sparc-ork-elf/2.8.1/adalib/libgnat.a(a-nuelfu.o)
                0x020143b4                ada__numerics__elementary_functions__sinh
                0x0201323c                ada__numerics__elementary_functions__arcsin
                0x02013024                ada__numerics__elementary_functions__arccosh
                0x02013468                ada__numerics__elementary_functions__arcsinh
                0x020128f8                ada__numerics__elementary_functions__Oexpon
                0x02013138                ada__numerics__elementary_functions__arccoth
                0x0201311c                ada__numerics__elementary_functions__arccot__2
                0x02013310                ada__numerics__elementary_functions__arcsin__2
                0x02013698                ada__numerics__elementary_functions__arctan__2
                0x02012eb8                ada__numerics__elementary_functions__arccos__2
                0x02013998                ada__numerics__elementary_functions__cos
                0x020144c0                ada__numerics__elementary_functions__sqrt
                0x020145cc                ada__numerics__elementary_functions__tan__2
                0x020142b8                ada__numerics__elementary_functions__sin__2
                0x02014148                ada__numerics__elementary_functions__log__2
                0x02013b9c                ada__numerics__elementary_functions__cot__2
                0x020146fc                ada__numerics__elementary_functions__tanh
                0x02013d04                ada__numerics__elementary_functions__coth
                0x0201408c                ada__numerics__elementary_functions__log
                0x02013a48                ada__numerics__elementary_functions__cosh
                0x02013104                ada__numerics__elementary_functions__arccot
                0x02013588                ada__numerics__elementary_functions__arctan
                0x02014270                ada__numerics__elementary_functions__sin
                0x02012db8                ada__numerics__elementary_functions__arccos
                0x02013a04                ada__numerics__elementary_functions__cos__2
                0x02014544                ada__numerics__elementary_functions__tan
                0x02013df8                ada__numerics__elementary_functions__exp
                0x02013af4                ada__numerics__elementary_functions__cot
                0x0201380c                ada__numerics__elementary_functions__arctanh
 .text          0x02014790       0x18 /usr/local/openravenscar/lib/gcc-lib/sparc-ork-elf/2.8.1/adalib/libgnat.a(a-numeri.o)
                0x02014790                ada__numerics___elabs
 .text          0x020147a8       0xc0 /usr/local/openravenscar/lib/gcc-lib/sparc-ork-elf/2.8.1/adalib/libgnat.a(a-stream.o)
                0x020147c0                ada__streams___elabs
                0x020147b8                ada__streams___deep_finalize
                0x020147a8                ada__streams___size
                0x02014858                ada__streams___init_proc
 .text          0x02014868      0x934 /usr/local/openravenscar/lib/gcc-lib/sparc-ork-elf/2.8.1/adalib/libgnat.a(a-tags.o)
                0x02014ed0                ada__tags__length
                0x0201513c                ada__tags___init_proc
                0x020149dc                ada__tags__external_tag_htable__removeXn
                0x02014ff4                ada__tags__get_rc_offset
                0x02015110                ada__tags__set_remotely_callable
                0x020150d8                ada__tags__set_prim_op_address
                0x020150b8                ada__tags__register_tag
                0x02015058                ada__tags__inherit_tsd
                0x02014868                ada__tags___elabs
                0x02014fd0                ada__tags__get_expanded_name
                0x020150ec                ada__tags__set_expanded_name
                0x02015000                ada__tags__get_remotely_callable
                0x02014bf8                ada__tags__expanded_name
                0x02014880                ada__tags__external_tag_htable__getXn
                0x02014fe8                ada__tags__get_inheritance_depth
                0x02015018                ada__tags__get_tsd
                0x02014ad4                ada__tags__external_tag_htable__setXn
                0x02014f90                ada__tags__cw_membership
                0x02015020                ada__tags__inherit_dt
                0x02014928                ada__tags__external_tag_htable__get_nextXn
                0x02014d00                ada__tags__get_external_tag
                0x02014d24                ada__tags__internal_tag
                0x02015144                ada__tags___init_proc__2
                0x02014f2c                ada__tags___elabb
                0x020150e4                ada__tags__set_tsd
                0x020150f8                ada__tags__set_external_tag
                0x02014b48                ada__tags__get_ht_link
                0x02014f04                ada__tags__parent_size
                0x02014b10                ada__tags__equal
                0x020148f4                ada__tags__external_tag_htable__get_firstXn
                0x020150cc                ada__tags__set_inheritance_depth
                0x02014c7c                ada__tags__external_tag
                0x02014964                ada__tags__external_tag_htable__get_non_nullXn
                0x02014fdc                ada__tags__get_prim_op_address
                0x02015104                ada__tags__set_rc_offset
                0x02014bb4                ada__tags__hash
                0x02014a94                ada__tags__external_tag_htable__resetXn
                0x02014bec                ada__tags__set_ht_link
                0x02015150                ada__tags__external_tag_htable___init_procXn
 .text          0x0201519c      0x25c /usr/local/openravenscar/lib/gcc-lib/sparc-ork-elf/2.8.1/adalib/libgnat.a(g-except.o)
                0x020152e8                gnat__exceptions___deep_finalize
                0x020151b4                gnat__exceptions___write
                0x020151f0                gnat__exceptions___output
                0x02015210                gnat__exceptions___assign
                0x020151bc                gnat__exceptions___input
                0x020152f0                gnat__exceptions___elabs
                0x020151ac                gnat__exceptions___read
                0x0201519c                gnat__exceptions___size
                0x020153e8                gnat__exceptions___init_proc
                0x02015208                gnat__exceptions__Oeq
                0x020152e0                gnat__exceptions___deep_adjust
 .text          0x020153f8      0x174 /usr/local/openravenscar/lib/gcc-lib/sparc-ork-elf/2.8.1/adalib/libgnat.a(g-hesora.o)
                0x020154c8                gnat__heap_sort_a__sort
 .text          0x0201556c      0xc6c /usr/local/openravenscar/lib/gcc-lib/sparc-ork-elf/2.8.1/adalib/libgnat.a(i-c.o)
                0x02015e7c                interfaces__c__to_c__4
                0x020159bc                interfaces__c__to_ada__6
                0x020155d0                interfaces__c__is_nul_terminated__2
                0x02015620                interfaces__c__to_ada
                0x02015628                interfaces__c__to_ada__2
                0x02015ae4                interfaces__c__to_c
                0x02015584                interfaces__c__is_nul_terminated
                0x02016030                interfaces__c__to_c__6
                0x0201575c                interfaces__c__to_ada__3
                0x0201556c                interfaces__c___elabs
                0x02015ce4                interfaces__c__to_c__3
                0x0201587c                interfaces__c__to_ada__5
                0x02015e84                interfaces__c__to_c__5
                0x02015aec                interfaces__c__to_c__2
                0x02015874                interfaces__c__to_ada__4
 .text          0x020161d8     0x13b4 /usr/local/openravenscar/lib/gcc-lib/sparc-ork-elf/2.8.1/adalib/libgnat.a(s-arit64.o)
                0x02016314                system__arith_64__hi
                0x020168bc                system__arith_64__scaled_divide
                0x0201688c                system__arith_64__raise_error
                0x0201628c                system__arith_64__Odivide
                0x02016200                system__arith_64__Oadd__2
                0x020174b8                system__arith_64__subtract_with_ovflo_check
                0x02016230                system__arith_64__Omultiply
                0x02016324                system__arith_64__lo
                0x02016260                system__arith_64__Omultiply__2
                0x02016398                system__arith_64__double_divide
                0x02016688                system__arith_64__multiply_with_ovflo_check
                0x0201756c                system__arith_64__to_pos_int
                0x020161d8                system__arith_64__Oadd
                0x020162e4                system__arith_64__Oconcat
                0x02017534                system__arith_64__to_neg_int
                0x020162b8                system__arith_64__Orem
                0x0201632c                system__arith_64__add_with_ovflo_check
                0x02016218                system__arith_64__Osubtract
 .text          0x0201758c      0x16c /usr/local/openravenscar/lib/gcc-lib/sparc-ork-elf/2.8.1/adalib/libgnat.a(s-except.o)
                0x020175b0                system__exceptions___init_proc
                0x0201758c                system__exceptions___elabs
                0x02017658                system__exceptions___init_proc__4
                0x020175f8                system__exceptions___init_proc__3
                0x02017698                system__exceptions___init_proc__5
                0x020175b8                system__exceptions___init_proc__2
 .text          0x020176f8      0x54c /usr/local/openravenscar/lib/gcc-lib/sparc-ork-elf/2.8.1/adalib/libgnat.a(s-exctab.o)
                0x02017a0c                system__exception_table__get_key
                0x020177a0                system__exception_table__exception_htable__get_nextXn
                0x020179d4                system__exception_table__equal
                0x0201794c                system__exception_table__exception_htable__setXn
                0x02017bf8                system__exception_table__exception_htable___init_procXn
                0x020176f8                system__exception_table__exception_htable__getXn
                0x02017990                system__exception_table__get_ht_link
                0x0201790c                system__exception_table__exception_htable__resetXn
                0x02017988                system__exception_table__set_ht_link
                0x02017a14                system__exception_table__internal_exception
                0x020177dc                system__exception_table__exception_htable__get_non_nullXn
                0x02017998                system__exception_table__hash
                0x0201776c                system__exception_table__exception_htable__get_firstXn
                0x02017b48                system__exception_table___elabb
                0x02017b34                system__exception_table__register_exception
                0x02017854                system__exception_table__exception_htable__removeXn
 .text          0x02017c44      0x1c4 /usr/local/openravenscar/lib/gcc-lib/sparc-ork-elf/2.8.1/adalib/libgnat.a(s-exnflt.o)
                0x02017c44                system__exn_flt__exn_float
 .text          0x02017e08      0xb2c /usr/local/openravenscar/lib/gcc-lib/sparc-ork-elf/2.8.1/adalib/libgnat.a(s-fatflt.o)
                0x020187bc                system__fat_flt__fat_float__truncation
                0x02017f4c                system__fat_flt__fat_float__decompose
                0x020182e0                system__fat_flt__fat_float__model
                0x020181e8                system__fat_flt__fat_float__floor
                0x020182f4                system__fat_flt__fat_float__pred
                0x020185bc                system__fat_flt__fat_float__scaling
                0x02018270                system__fat_flt__fat_float__leading_part
                0x0201886c                system__fat_flt__fat_float__unbiased_rounding
                0x02017e60                system__fat_flt__fat_float__ceiling
                0x02017ec0                system__fat_flt__fat_float__compose
                0x020181c0                system__fat_flt__fat_float__exponent
                0x02018248                system__fat_flt__fat_float__fraction
                0x02018138                system__fat_flt__fat_float__gradual_scaling
                0x020183ac                system__fat_flt__fat_float__remainder
                0x02018534                system__fat_flt__fat_float__rounding
                0x02017e08                system__fat_flt__fat_float__adjacent
                0x020186d4                system__fat_flt__fat_float__succ
                0x02018914                system__fat_flt__fat_float__valid
                0x02017ef0                system__fat_flt__fat_float__copy_sign
                0x020182cc                system__fat_flt__fat_float__machine
 .text          0x02018934     0x13dc /usr/local/openravenscar/lib/gcc-lib/sparc-ork-elf/2.8.1/adalib/libgnat.a(s-finimp.o)
                0x02019b54                system__finalization_implementation__deep_tag_attach
                0x02018b60                system__finalization_implementation___read__2
                0x020191b4                system__finalization_implementation__detach_from_final_list
                0x020189f8                system__finalization_implementation___output
                0x02019610                system__finalization_implementation__finalize_list
                0x02018c2c                system__finalization_implementation__Oeq__2
                0x02019ce0                system__finalization_implementation___init_proc__2
                0x02018a58                system__finalization_implementation___assign
                0x02019c0c                system__finalization_implementation__initialize__2
                0x02019018                system__finalization_implementation__attach_to_final_list
                0x020199b8                system__finalization_implementation__deep_tag_adjust
                0x02018c74                system__finalization_implementation___assign__2
                0x02018a10                system__finalization_implementation__Oeq
                0x020189a0                system__finalization_implementation___input
                0x0201897c                system__finalization_implementation___write
                0x020198c8                system__finalization_implementation__deep_tag_initialize
                0x02019c04                system__finalization_implementation__initialize
                0x02019cbc                system__finalization_implementation___init_proc
                0x02018b84                system__finalization_implementation___write__2
                0x02018d74                system__finalization_implementation___elabs
                0x02018c14                system__finalization_implementation___output__2
                0x02018ba8                system__finalization_implementation___input__2
                0x02018944                system__finalization_implementation___read
                0x0201977c                system__finalization_implementation__finalize_one
                0x02019a84                system__finalization_implementation__deep_tag_finalize
                0x02019754                system__finalization_implementation__finalize_global_list
                0x02019ca8                system__finalization_implementation__finalize
                0x02018b50                system__finalization_implementation___size__2
                0x02019c74                system__finalization_implementation__adjust__2
                0x02018934                system__finalization_implementation___size
 .text          0x02019d10      0x658 /usr/local/openravenscar/lib/gcc-lib/sparc-ork-elf/2.8.1/adalib/libgnat.a(s-finroo.o)
                0x02019d10                system__finalization_root___size
                0x0201a344                system__finalization_root___init_proc__2
                0x02019d20                system__finalization_root___read
                0x0201a058                system__finalization_root___elabs
                0x02019f10                system__finalization_root__Oeq__2
                0x02019ea0                system__finalization_root___input__2
                0x02019d28                system__finalization_root___write
                0x02019d38                system__finalization_root___assign
                0x0201a304                system__finalization_root__finalize
                0x02019ef8                system__finalization_root___output__2
                0x0201a2a4                system__finalization_root__initialize
                0x02019d30                system__finalization_root__Oeq
                0x02019e18                system__finalization_root___read__2
                0x02019e70                system__finalization_root___write__2
                0x02019e08                system__finalization_root___size__2
                0x0201a2d4                system__finalization_root__adjust
                0x02019f68                system__finalization_root___assign__2
                0x0201a334                system__finalization_root___init_proc
 .text          0x0201a368      0x1b4 /usr/local/openravenscar/lib/gcc-lib/sparc-ork-elf/2.8.1/adalib/libgnat.a(s-imgint.o)
                0x0201a4a4                system__img_int__set_image_integer
                0x0201a368                system__img_int__image_integer
 .text          0x0201a51c      0xbc8 /usr/local/openravenscar/lib/gcc-lib/sparc-ork-elf/2.8.1/adalib/libgnat.a(s-imgrea.o)
                0x0201a51c                system__img_real__image_ordinary_fixed_point
                0x0201ac08                system__img_real__set_image_real
                0x0201a5f0                system__img_real__image_floating_point
 .text          0x0201b0e4      0x160 /usr/local/openravenscar/lib/gcc-lib/sparc-ork-elf/2.8.1/adalib/libgnat.a(s-imguns.o)
                0x0201b0e4                system__img_uns__image_unsigned
                0x0201b204                system__img_uns__set_image_unsigned
 .text          0x0201b244       0x40 /usr/local/openravenscar/lib/gcc-lib/sparc-ork-elf/2.8.1/adalib/libgnat.a(s-mastop.o)
                0x0201b25c                system__machine_state_operations__get_code_loc
                0x0201b244                system__machine_state_operations__allocate_machine_state
                0x0201b27c                system__machine_state_operations__set_signal_machine_state
                0x0201b254                system__machine_state_operations__free_machine_state
                0x0201b264                system__machine_state_operations__machine_state_length
                0x0201b24c                system__machine_state_operations__enter_handler
                0x0201b274                system__machine_state_operations__set_machine_state
                0x0201b26c                system__machine_state_operations__pop_frame
 .text          0x0201b284       0x50 /usr/local/openravenscar/lib/gcc-lib/sparc-ork-elf/2.8.1/adalib/libgnat.a(s-parame.o)
                0x0201b28c                system__parameters__minimum_stack_size
                0x0201b294                system__parameters__adjust_storage_size
                0x0201b284                system__parameters__default_stack_size
 .text          0x0201b2d4      0x314 /usr/local/openravenscar/lib/gcc-lib/sparc-ork-elf/2.8.1/adalib/libgnat.a(s-secsta.o)
                0x0201b5e0                system__secondary_stack___init_proc__2
                0x0201b584                system__secondary_stack___elabb
                0x0201b2d4                system__secondary_stack__ss_allocate
                0x0201b4c8                system__secondary_stack__ss_free
                0x0201b564                system__secondary_stack__ss_release
                0x0201b544                system__secondary_stack__ss_mark
                0x0201b5cc                system__secondary_stack___init_proc
                0x0201b464                system__secondary_stack__ss_init
 .text          0x0201b5e8      0x1fc /usr/local/openravenscar/lib/gcc-lib/sparc-ork-elf/2.8.1/adalib/libgnat.a(s-sopco3.o)
                0x0201b5e8                system__string_ops_concat_3__str_concat_3
 .text          0x0201b7e4      0x1e4 /usr/local/openravenscar/lib/gcc-lib/sparc-ork-elf/2.8.1/adalib/libgnat.a(s-stache.o)
                0x0201b7e4                system__stack_checking___elabs
                0x0201b7fc                _gnat_stack_check
                0x0201b980                system__stack_checking__set_stack_size
                0x0201b9b8                system__stack_checking___init_proc
                0x0201b888                system__stack_checking__invalidate_stack_cache
                0x0201b9a8                system__stack_checking__update_stack_cache
 .text          0x0201b9c8       0x28 /usr/local/openravenscar/lib/gcc-lib/sparc-ork-elf/2.8.1/adalib/libgnat.a(s-stalib.o)
                0x0201b9c8                system__standard_library__abort_undefer_direct
                0x0201b9e4                system__standard_library___init_proc
 .text          0x0201b9f0       0x64 /usr/local/openravenscar/lib/gcc-lib/sparc-ork-elf/2.8.1/adalib/libgnat.a(s-stoele.o)
                0x0201ba10                system__storage_elements__Omod
                0x0201ba44                system__storage_elements__to_address
                0x0201b9f8                system__storage_elements__Oadd__2
                0x0201ba00                system__storage_elements__Osubtract
                0x0201b9f0                system__storage_elements__Oadd
                0x0201ba4c                system__storage_elements__to_integer
                0x0201ba08                system__storage_elements__Osubtract__2
 .text          0x0201ba54     0x102c /usr/local/openravenscar/lib/gcc-lib/sparc-ork-elf/2.8.1/adalib/libgnat.a(s-stratt.o)
                0x0201c16c                system__stream_attributes__i_si
                0x0201c424                system__stream_attributes__w_ad
                0x0201bb5c                system__stream_attributes__i_b
                0x0201c518                system__stream_attributes__w_c
                0x0201bd34                system__stream_attributes__i_lf
                0x0201c0e4                system__stream_attributes__i_sf
                0x0201c9a0                system__stream_attributes__w_su
                0x0201bbc0                system__stream_attributes__i_c
                0x0201be64                system__stream_attributes__i_llf
                0x0201c2ac                system__stream_attributes__i_su
                0x0201bfb4                system__stream_attributes__i_llu
                0x0201c89c                system__stream_attributes__w_sf
                0x0201c324                system__stream_attributes__i_u
                0x0201ca3c                system__stream_attributes__w_wc
                0x0201ba54                system__stream_attributes__i_ad
                0x0201c9e4                system__stream_attributes__w_u
                0x0201c844                system__stream_attributes__w_lu
                0x0201c4e4                system__stream_attributes__w_b
                0x0201c74c                system__stream_attributes__w_lli
                0x0201c248                system__stream_attributes__i_ssu
                0x0201bddc                system__stream_attributes__i_li
                0x0201c938                system__stream_attributes__w_ssi
                0x0201c8f4                system__stream_attributes__w_si
                0x0201c5fc                system__stream_attributes__w_lf
                0x0201c1e4                system__stream_attributes__i_ssi
                0x0201bc24                system__stream_attributes__i_f
                0x0201c678                system__stream_attributes__w_li
                0x0201c494                system__stream_attributes__w_as
                0x0201c5a4                system__stream_attributes__w_i
                0x0201bcac                system__stream_attributes__i_i
                0x0201bf0c                system__stream_attributes__i_lli
                0x0201c3ac                system__stream_attributes__i_wc
                0x0201c6d0                system__stream_attributes__w_llf
                0x0201c96c                system__stream_attributes__w_ssu
                0x0201bacc                system__stream_attributes__i_as
                0x0201c54c                system__stream_attributes__w_f
                0x0201c7c8                system__stream_attributes__w_llu
                0x0201c05c                system__stream_attributes__i_lu
 .text          0x0201ca80      0x5b8 /usr/local/openravenscar/lib/gcc-lib/sparc-ork-elf/2.8.1/adalib/libgnat.a(s-strops.o)
                0x0201cea4                system__string_ops__str_equal
                0x0201cd7c                system__string_ops__str_concat_sc
                0x0201cfb4                system__string_ops__str_normalize
                0x0201ca80                system__string_ops__str_concat
                0x0201cca0                system__string_ops__str_concat_cs
                0x0201cff4                system__string_ops__wide_str_normalize
                0x0201cc40                system__string_ops__str_concat_cc
 .text          0x0201d038      0x298 /usr/local/openravenscar/lib/gcc-lib/sparc-ork-elf/2.8.1/adalib/libgnat.a(s-soflin.o)
                0x0201d19c                system__soft_links__set_jmpbuf_address_soft
                0x0201d108                system__soft_links__get_stack_info_nt
                0x0201d264                system__soft_links___elabb
                0x0201d0fc                system__soft_links__get_current_excep_nt
                0x0201d20c                system__soft_links__set_exc_stack_addr_soft
                0x0201d038                system__soft_links__abort_defer_nt
                0x0201d06c                system__soft_links__check_abort_status_nt
                0x0201d0b4                system__soft_links__get_sec_stack_addr_nt
                0x0201d0a8                system__soft_links__set_jmpbuf_address_nt
                0x0201d08c                system__soft_links__task_lock_nt
                0x0201d248                system__soft_links__set_machine_state_addr_soft
                0x0201d07c                system__soft_links__current_master_nt
                0x0201d040                system__soft_links__abort_handler_nt
                0x0201d138                system__soft_links__destroy_tsd
                0x0201d1f0                system__soft_links__get_exc_stack_addr_soft
                0x0201d09c                system__soft_links__get_jmpbuf_address_nt
                0x0201d048                system__soft_links__abort_undefer_nt
                0x0201d114                system__soft_links__create_tsd
                0x0201d0d8                system__soft_links__set_machine_state_addr_nt
                0x0201d0c0                system__soft_links__set_sec_stack_addr_nt
                0x0201d050                system__soft_links__update_exception_nt
                0x0201d0f0                system__soft_links__set_exc_stack_addr_nt
                0x0201d2a4                system__soft_links___init_proc
                0x0201d180                system__soft_links__get_jmpbuf_address_soft
                0x0201d084                system__soft_links__enter_master_nt
                0x0201d22c                system__soft_links__get_machine_state_addr_soft
                0x0201d1d4                system__soft_links__set_sec_stack_addr_soft
                0x0201d094                system__soft_links__task_unlock_nt
                0x0201d15c                system__soft_links__get_gnat_exception
                0x0201d1b8                system__soft_links__get_sec_stack_addr_soft
                0x0201d074                system__soft_links__complete_master_nt
                0x0201d0cc                system__soft_links__get_machine_state_addr_nt
                0x0201d0e4                system__soft_links__get_exc_stack_addr_nt
 .text          0x0201d2d0       0x68 /usr/local/openravenscar/lib/gcc-lib/sparc-ork-elf/2.8.1/adalib/libgnat.a(s-traceb.o)
                0x0201d2e4                system__traceback__get_code_loc
                0x0201d30c                system__traceback__pop_frame
                0x0201d2f8                system__traceback__free_machine_state
                0x0201d2d0                system__traceback__allocate_machine_state
                0x0201d324                system__traceback__set_machine_state
 .text          0x0201d338       0xfc /usr/local/openravenscar/lib/gcc-lib/sparc-ork-elf/2.8.1/adalib/libgnat.a(a-argv.o)
                0x0201d400                fill_env
                0x0201d3a4                env_count
                0x0201d3e0                len_env
                0x0201d338                arg_count
                0x0201d344                gnat_argval
                0x0201d370                fill_arg
                0x0201d350                len_arg
 .text          0x0201d434      0x14c /usr/local/openravenscar/lib/gcc-lib/sparc-ork-elf/2.8.1/adalib/libgnat.a(a-cio.o)
                0x0201d454                put_int
                0x0201d470                get_char
                0x0201d434                get_int
                0x0201d560                put_char_stderr
                0x0201d4c0                put_char
 .text          0x0201d580        0xc /usr/local/openravenscar/lib/gcc-lib/sparc-ork-elf/2.8.1/adalib/libgnat.a(a-exit.o)
                0x0201d580                set_gnat_exit_status
 .text          0x0201d58c      0x1f4 /usr/local/openravenscar/lib/gcc-lib/sparc-ork-elf/2.8.1/adalib/libgnat.a(a-raise.o)
                0x0201d58c                _gnat_builtin_longjmp
                0x0201d5e4                __gnat_malloc
                0x0201d69c                __gnat_free
                0x0201d5cc                __gnat_unhandled_terminate
                0x0201d6d8                __gnat_realloc
 .text          0x0201d780      0x410 /usr/local/openravenscar/lib/gcc-lib/sparc-ork-elf/2.8.1/adalib/libgnat.a(a-init.o)
                0x0201d974                __gnat_pop_frame
                0x0201db88                __gnat_init_float
                0x0201d780                __gnat_set_globals
                0x0201db80                __gnat_get_code_loc
                0x0201d7d8                __gnat_initialize
                0x0201dac4                __gnat_enter_handler
                0x0201db78                __gnat_machine_state_length
                0x0201da18                __gnat_set_machine_state
 .text          0x0201db90        0x8 /usr/local/openravenscar/lib/gcc-lib/sparc-ork-elf/2.8.1/adalib/libgnat.a(a-final.o)
                0x0201db90                __gnat_finalize
 .text          0x0201db98      0xc1c /usr/local/openravenscar/lib/gcc-lib/sparc-ork-elf/2.8.1/adalib/libgnat.a(s-fatllf.o)
                0x0201dc9c                system__fat_llf__fat_long_long_float__copy_sign
                0x0201df0c                system__fat_llf__fat_long_long_float__gradual_scaling
                0x0201e6e0                system__fat_llf__fat_long_long_float__unbiased_rounding
                0x0201dfa4                system__fat_llf__fat_long_long_float__exponent
                0x0201dc68                system__fat_llf__fat_long_long_float__compose
                0x0201dfd0                system__fat_llf__fat_long_long_float__floor
                0x0201db98                system__fat_llf__fat_long_long_float__adjacent
                0x0201e0fc                system__fat_llf__fat_long_long_float__pred
                0x0201e03c                system__fat_llf__fat_long_long_float__fraction
                0x0201e1bc                system__fat_llf__fat_long_long_float__remainder
                0x0201e404                system__fat_llf__fat_long_long_float__scaling
                0x0201dbfc                system__fat_llf__fat_long_long_float__ceiling
                0x0201dd00                system__fat_llf__fat_long_long_float__decompose
                0x0201e52c                system__fat_llf__fat_long_long_float__succ
                0x0201e068                system__fat_llf__fat_long_long_float__leading_part
                0x0201e36c                system__fat_llf__fat_long_long_float__rounding
                0x0201e0e4                system__fat_llf__fat_long_long_float__model
                0x0201e78c                system__fat_llf__fat_long_long_float__valid
                0x0201e61c                system__fat_llf__fat_long_long_float__truncation
                0x0201e0d0                system__fat_llf__fat_long_long_float__machine
 .text          0x0201e7b4      0x18c /usr/local/openravenscar/lib/gcc-lib/sparc-ork-elf/2.8.1/adalib/libgnat.a(s-imgllu.o)
                0x0201e7b4                system__img_llu__image_long_long_unsigned
                0x0201e8fc                system__img_llu__set_image_long_long_unsigned
 .text          0x0201e940      0x894 /usr/local/openravenscar/lib/gcc-lib/sparc-ork-elf/2.8.1/adalib/libgnat.a(a-adaint.o)
                0x0201ead0                get_object_suffix_ptr
                0x0201ea7c                Get_Default_Identifier_Character_Set
                0x0201ea64                Get_Maximum_File_Name_Length
                0x0201ea74                Get_File_Names_Case_Sensitive
                0x0201ecec                file_time_name
                0x0201ea8c                Get_Pathsep_Char
                0x0201eb6c                open_read
                0x0201ea84                Get_Dirsep_Char
                0x0201ed84                is_regular_file
                0x0201ea6c                Get_Switch_Character
                0x0201ef38                locate_regular_file
                0x0201f188                to_canonical_file_list_next
                0x0201f1b4                to_host_dir_spec
                0x0201ed64                __gnat_file_exists
                0x0201ec58                __gnat_mkdir
                0x0201f1ac                to_canonical_path_spec
                0x0201ee04                is_writable_file
                0x0201ec30                open_new_temp
                0x0201ee38                portable_spawn
                0x0201f19c                to_canonical_dir_spec
                0x0201ed24                get_env_value_ptr
                0x0201ed08                file_time_fd
                0x0201ece4                readdir_is_thread_safe
                0x0201ec08                open_new
                0x0201e940                to_gm_time
                0x0201e9b4                Try_Lock
                0x0201f1a4                to_canonical_file_spec
                0x0201eef4                portable_wait
                0x0201f180                to_canonical_file_list_init
                0x0201f1cc                convert_addresses
                0x0201eb04                get_executable_suffix_ptr
                0x0201edc4                is_directory
                0x0201ebe0                open_append
                0x0201ebb8                open_create
                0x0201eb90                open_rw
                0x0201ec70                file_length
                0x0201ecb0                readdir_gnat
                0x0201f1c4                adjust_os_resource_limits
                0x0201f0c4                locate_exec
                0x0201eeb4                portable_no_block_spawn
                0x0201ef24                os_exit
                0x0201ed58                Get_Libraries_From_Registry
                0x0201f194                to_canonical_file_list_free
                0x0201ea94                Get_Current_Dir
                0x0201f1bc                to_host_file_spec
                0x0201f138                locate_exec_on_path
                0x0201eb38                get_debuggable_suffix_ptr
 .text          0x0201f1d4      0x294 /usr/local/openravenscar/sparc-ork-elf/lib/libm.a(s_atan.o)
                0x0201f1d4                atan
 .text          0x0201f468       0xf0 /usr/local/openravenscar/sparc-ork-elf/lib/libm.a(s_cos.o)
                0x0201f468                cos
 .text          0x0201f558       0x2c /usr/local/openravenscar/sparc-ork-elf/lib/libm.a(s_fabs.o)
                0x0201f558                fabs
 .text          0x0201f584       0xf0 /usr/local/openravenscar/sparc-ork-elf/lib/libm.a(s_sin.o)
                0x0201f584                sin
 .text          0x0201f674       0x9c /usr/local/openravenscar/sparc-ork-elf/lib/libm.a(s_tan.o)
                0x0201f674                tan
 .text          0x0201f710      0x134 /usr/local/openravenscar/sparc-ork-elf/lib/libm.a(s_tanh.o)
                0x0201f710                tanh
 .text          0x0201f844       0xf8 /usr/local/openravenscar/sparc-ork-elf/lib/libm.a(w_acos.o)
                0x0201f844                acos
 .text          0x0201f93c       0xf8 /usr/local/openravenscar/sparc-ork-elf/lib/libm.a(w_asin.o)
                0x0201f93c                asin
 .text          0x0201fa34      0x1c0 /usr/local/openravenscar/sparc-ork-elf/lib/libm.a(w_exp.o)
                0x0201fa34                exp
 .text          0x0201fbf4      0x184 /usr/local/openravenscar/sparc-ork-elf/lib/libm.a(w_log.o)
                0x0201fbf4                log
 .text          0x0201fd78      0x60c /usr/local/openravenscar/sparc-ork-elf/lib/libm.a(w_pow.o)
                0x0201fd78                pow
 .text          0x02020384      0x118 /usr/local/openravenscar/sparc-ork-elf/lib/libm.a(w_sqrt.o)
                0x02020384                sqrt
 .text          0x0202049c      0x3ac /usr/local/openravenscar/sparc-ork-elf/lib/libm.a(e_acos.o)
                0x0202049c                __ieee754_acos
 .text          0x02020848      0x340 /usr/local/openravenscar/sparc-ork-elf/lib/libm.a(e_asin.o)
                0x02020848                __ieee754_asin
 .text          0x02020b88      0x2f0 /usr/local/openravenscar/sparc-ork-elf/lib/libm.a(e_exp.o)
                0x02020b88                __ieee754_exp
 .text          0x02020e78      0x310 /usr/local/openravenscar/sparc-ork-elf/lib/libm.a(e_log.o)
                0x02020e78                __ieee754_log
 .text          0x02021188      0x99c /usr/local/openravenscar/sparc-ork-elf/lib/libm.a(e_pow.o)
                0x02021188                __ieee754_pow
 .text          0x02021b24      0x3d8 /usr/local/openravenscar/sparc-ork-elf/lib/libm.a(e_rem_pio2.o)
                0x02021b24                __ieee754_rem_pio2
 .text          0x02021efc      0x264 /usr/local/openravenscar/sparc-ork-elf/lib/libm.a(e_sqrt.o)
                0x02021efc                __ieee754_sqrt
 .text          0x02022160      0x17c /usr/local/openravenscar/sparc-ork-elf/lib/libm.a(k_cos.o)
                0x02022160                __kernel_cos
 .text          0x020222dc      0x838 /usr/local/openravenscar/sparc-ork-elf/lib/libm.a(k_rem_pio2.o)
                0x020222dc                __kernel_rem_pio2
 .text          0x02022b14      0x11c /usr/local/openravenscar/sparc-ork-elf/lib/libm.a(k_sin.o)
                0x02022b14                __kernel_sin
 .text          0x02022c30      0x2b4 /usr/local/openravenscar/sparc-ork-elf/lib/libm.a(k_tan.o)
                0x02022c30                __kernel_tan
 .text          0x02022ee4      0x40c /usr/local/openravenscar/sparc-ork-elf/lib/libm.a(s_expm1.o)
                0x02022ee4                expm1
 .text          0x020232f0       0x18 /usr/local/openravenscar/sparc-ork-elf/lib/libm.a(s_finite.o)
                0x020232f0                finite
 .text          0x02023308      0x1a0 /usr/local/openravenscar/sparc-ork-elf/lib/libm.a(s_floor.o)
                0x02023308                floor
 .text          0x020234a8       0x28 /usr/local/openravenscar/sparc-ork-elf/lib/libm.a(s_isnan.o)
                0x020234a8                isnan
 .text          0x020234d0        0x8 /usr/local/openravenscar/sparc-ork-elf/lib/libm.a(s_matherr.o)
                0x020234d0                matherr
 .text          0x020234d8      0x1c8 /usr/local/openravenscar/sparc-ork-elf/lib/libm.a(s_rint.o)
                0x020234d8                rint
 .text          0x020236a0      0x1d8 /usr/local/openravenscar/sparc-ork-elf/lib/libm.a(s_scalbn.o)
                0x020236a0                scalbn
 .text          0x02023878       0x40 /usr/local/openravenscar/sparc-ork-elf/lib/libm.a(s_copysign.o)
                0x02023878                copysign
 .text          0x020238b8        0x8 /usr/local/openravenscar/lib/gcc-lib/sparc-ork-elf/2.8.1/libgcc.a(__dummy.o)
                0x020238b8                __dummy
 .text          0x020238c0       0x48 /usr/local/openravenscar/lib/gcc-lib/sparc-ork-elf/2.8.1/libgcc.a(_ashldi3.o)
                0x020238c0                __ashldi3
 .text          0x02023908       0x38 /usr/local/openravenscar/lib/gcc-lib/sparc-ork-elf/2.8.1/libgcc.a(_cmpdi2.o)
                0x02023908                __cmpdi2
 .text          0x02023940      0x3c0 /usr/local/openravenscar/lib/gcc-lib/sparc-ork-elf/2.8.1/libgcc.a(_divdi3.o)
                0x02023940                __divdi3
 .text          0x02023d00      0x1f4 /usr/local/openravenscar/lib/gcc-lib/sparc-ork-elf/2.8.1/libgcc.a(_divsi3.o)
                0x02023d00                udiv
                0x02023d0c                div
 .text          0x02023ef4       0x58 /usr/local/openravenscar/lib/gcc-lib/sparc-ork-elf/2.8.1/libgcc.a(_fixsfdi.o)
                0x02023ef4                __fixsfdi
 .text          0x02023f4c      0x1c0 /usr/local/openravenscar/lib/gcc-lib/sparc-ork-elf/2.8.1/libgcc.a(_fixunsdfdi.o)
                0x02023f4c                __fixunsdfdi
 .text          0x0202410c      0x1c8 /usr/local/openravenscar/lib/gcc-lib/sparc-ork-elf/2.8.1/libgcc.a(_fixunssfdi.o)
                0x0202410c                __fixunssfdi
 .text          0x020242d4       0x54 /usr/local/openravenscar/lib/gcc-lib/sparc-ork-elf/2.8.1/libgcc.a(_floatdidf.o)
                0x020242d4                __floatdidf
 .text          0x02024328       0xa8 /usr/local/openravenscar/lib/gcc-lib/sparc-ork-elf/2.8.1/libgcc.a(_floatdisf.o)
                0x02024328                __floatdisf
 .text          0x020243d0       0x48 /usr/local/openravenscar/lib/gcc-lib/sparc-ork-elf/2.8.1/libgcc.a(_lshrdi3.o)
                0x020243d0                __lshrdi3
 .text          0x02024418      0x1f4 /usr/local/openravenscar/lib/gcc-lib/sparc-ork-elf/2.8.1/libgcc.a(_modsi3.o)
                0x02024418                urem
                0x02024424                rem
 .text          0x0202460c       0xe0 /usr/local/openravenscar/lib/gcc-lib/sparc-ork-elf/2.8.1/libgcc.a(_muldi3.o)
                0x0202460c                __muldi3
 .text          0x020246ec       0xe8 /usr/local/openravenscar/lib/gcc-lib/sparc-ork-elf/2.8.1/libgcc.a(_mulsi3.o)
                0x020246ec                umul
 .text          0x020247d4      0x340 /usr/local/openravenscar/lib/gcc-lib/sparc-ork-elf/2.8.1/libgcc.a(_udivdi3.o)
                0x020247d4                __udivdi3
 .text          0x02024b14      0x39c /usr/local/openravenscar/lib/gcc-lib/sparc-ork-elf/2.8.1/libgcc.a(_umoddi3.o)
                0x02024b14                __umoddi3
 .text          0x02024eb0      0xa48 /usr/local/openravenscar/lib/gcc-lib/sparc-ork-elf/2.8.1/libgcc.a(frame.o)
                0x020257d4                __frame_state_for
                0x0202576c                __deregister_frame_info
                0x02025744                __register_frame_info_table
                0x0202571c                __register_frame_info
 .text          0x020258f8       0x20 /usr/local/openravenscar/sparc-ork-elf/lib/libc.a(abort.o)
                0x020258f8                abort
 .text          0x02025918       0x1c /usr/local/openravenscar/sparc-ork-elf/lib/libc.a(atoi.o)
                0x02025918                atoi
 .text          0x02025934        0xc /usr/local/openravenscar/sparc-ork-elf/lib/libc.a(errno.o)
                0x02025934                __errno
 .text          0x02025940       0x8c /usr/local/openravenscar/sparc-ork-elf/lib/libc.a(exit.o)
                0x02025940                exit
 .text          0x020259cc       0x90 /usr/local/openravenscar/sparc-ork-elf/lib/libc.a(fputc.o)
                0x020259cc                fputc
 .text          0x02025a5c       0x40 /usr/local/openravenscar/sparc-ork-elf/lib/libc.a(getenv.o)
                0x02025a7c                getenv
                0x02025a5c                _findenv
 .text          0x02025a9c      0x100 /usr/local/openravenscar/sparc-ork-elf/lib/libc.a(getenv_r.o)
                0x02025a9c                _findenv_r
                0x02025b80                _getenv_r
 .text          0x02025b9c       0x1c /usr/local/openravenscar/sparc-ork-elf/lib/libc.a(gmtime.o)
                0x02025b9c                gmtime
 .text          0x02025bb8       0x20 /usr/local/openravenscar/sparc-ork-elf/lib/libc.a(lcltime.o)
                0x02025bb8                localtime
 .text          0x02025bd8      0x21c /usr/local/openravenscar/sparc-ork-elf/lib/libc.a(lcltime_r.o)
                0x02025bd8                localtime_r
 .text          0x02025df4       0x38 /usr/local/openravenscar/sparc-ork-elf/lib/libc.a(malloc.o)
                0x02025df4                malloc
                0x02025e10                free
 .text          0x02025e2c      0x774 /usr/local/openravenscar/sparc-ork-elf/lib/libc.a(mallocr.o)
                0x02025ff8                _malloc_r
 .text          0x020265a0       0x80 /usr/local/openravenscar/sparc-ork-elf/lib/libc.a(memcmp.o)
                0x020265a0                memcmp
 .text          0x02026620       0xc4 /usr/local/openravenscar/sparc-ork-elf/lib/libc.a(memcpy.o)
                0x02026620                memcpy
 .text          0x020266e4       0xa4 /usr/local/openravenscar/sparc-ork-elf/lib/libc.a(memset.o)
                0x020266e4                memset
 .text          0x02026788       0x10 /usr/local/openravenscar/sparc-ork-elf/lib/libc.a(mlock.o)
                0x02026790                __malloc_unlock
                0x02026788                __malloc_lock
 .text          0x02026798       0x70 /usr/local/openravenscar/sparc-ork-elf/lib/libc.a(printf.o)
                0x020267c8                printf
                0x02026798                _printf_r
 .text          0x02026808       0x20 /usr/local/openravenscar/sparc-ork-elf/lib/libc.a(realloc.o)
                0x02026808                realloc
 .text          0x02026828      0x50c /usr/local/openravenscar/sparc-ork-elf/lib/libc.a(reallocr.o)
                0x02026828                _realloc_r
 .text          0x02026d34       0x40 /usr/local/openravenscar/sparc-ork-elf/lib/libc.a(rget.o)
                0x02026d34                __srget
 .text          0x02026d74       0x34 /usr/local/openravenscar/sparc-ork-elf/lib/libc.a(sbrkr.o)
                0x02026d74                _sbrk_r
 .text          0x02026da8       0x64 /usr/local/openravenscar/sparc-ork-elf/lib/libc.a(scanf.o)
                0x02026de0                _scanf_r
                0x02026da8                scanf
 .text          0x02026e0c      0x24c /usr/local/openravenscar/sparc-ork-elf/lib/libc.a(signal.o)
                0x02026e68                _signal_r
                0x02026ec4                _raise_r
                0x02026f60                __sigtramp_r
                0x02027004                signal
                0x02027024                _init_signal
                0x02026e0c                _init_signal_r
                0x0202703c                __sigtramp
                0x02026fe8                raise
 .text          0x02027058       0x4c /usr/local/openravenscar/sparc-ork-elf/lib/libc.a(signalr.o)
                0x02027058                _kill_r
                0x02027090                _getpid_r
 .text          0x020270a4       0xb4 /usr/local/openravenscar/sparc-ork-elf/lib/libc.a(sprintf.o)
                0x020270a4                _sprintf_r
                0x020270f8                sprintf
 .text          0x02027158       0x8c /usr/local/openravenscar/sparc-ork-elf/lib/libc.a(strcat.o)
                0x02027158                strcat
 .text          0x020271e4       0xb8 /usr/local/openravenscar/sparc-ork-elf/lib/libc.a(strcmp.o)
                0x020271e4                strcmp
 .text          0x0202729c       0x8c /usr/local/openravenscar/sparc-ork-elf/lib/libc.a(strcpy.o)
                0x0202729c                strcpy
 .text          0x02027328       0x78 /usr/local/openravenscar/sparc-ork-elf/lib/libc.a(strlen.o)
                0x02027328                strlen
 .text          0x020273a0       0xcc /usr/local/openravenscar/sparc-ork-elf/lib/libc.a(strncmp.o)
                0x020273a0                strncmp
 .text          0x0202746c       0xd4 /usr/local/openravenscar/sparc-ork-elf/lib/libc.a(strncpy.o)
                0x0202746c                strncpy
 .text          0x02027540       0x68 /usr/local/openravenscar/sparc-ork-elf/lib/libc.a(strstr.o)
                0x02027540                strstr
 .text          0x020275a8      0x1f8 /usr/local/openravenscar/sparc-ork-elf/lib/libc.a(strtol.o)
                0x0202777c                strtol
                0x020275a8                _strtol_r
 .text          0x020277a0     0x19c4 /usr/local/openravenscar/sparc-ork-elf/lib/libc.a(vfprintf.o)
                0x020278a4                _vfprintf_r
                0x02027884                vfprintf
 .text          0x02029164      0xf30 /usr/local/openravenscar/sparc-ork-elf/lib/libc.a(vfscanf.o)
                0x02029164                __svfscanf
                0x02029fb4                __sccl
 .text          0x0202a094      0x10c /usr/local/openravenscar/sparc-ork-elf/lib/libc.a(wbuf.o)
                0x0202a094                __swbuf
 .text          0x0202a1a0      0x10c /usr/local/openravenscar/sparc-ork-elf/lib/libc.a(wsetup.o)
                0x0202a1a0                __swsetup
 .text          0x0202a2ac       0x18 /usr/local/openravenscar/sparc-ork-elf/lib/libc.a(atof.o)
                0x0202a2ac                atof
 .text          0x0202a2c4     0x1250 /usr/local/openravenscar/sparc-ork-elf/lib/libc.a(dtoa.o)
                0x0202a4b0                _dtoa_r
 .text          0x0202b514       0x10 /usr/local/openravenscar/sparc-ork-elf/lib/libc.a(envlock.o)
                0x0202b51c                __env_unlock
                0x0202b514                __env_lock
 .text          0x0202b524       0xf0 /usr/local/openravenscar/sparc-ork-elf/lib/libc.a(fflush.o)
                0x0202b524                fflush
 .text          0x0202b614      0x228 /usr/local/openravenscar/sparc-ork-elf/lib/libc.a(findfp.o)
                0x0202b7cc                __sinit
                0x0202b670                __sfmoreglue
                0x0202b7b4                _cleanup
                0x0202b798                _cleanup_r
                0x0202b6c8                __sfp
 .text          0x0202b83c       0xcc /usr/local/openravenscar/sparc-ork-elf/lib/libc.a(fread.o)
                0x0202b83c                fread
 .text          0x0202b908      0x3c0 /usr/local/openravenscar/sparc-ork-elf/lib/libc.a(freer.o)
                0x0202b908                _free_r
                0x0202bba4                _malloc_trim_r
 .text          0x0202bcc8      0x380 /usr/local/openravenscar/sparc-ork-elf/lib/libc.a(fvwrite.o)
                0x0202bcc8                __sfvwrite
 .text          0x0202c048       0x60 /usr/local/openravenscar/sparc-ork-elf/lib/libc.a(fwalk.o)
                0x0202c048                _fwalk
 .text          0x0202c0a8       0xa4 /usr/local/openravenscar/sparc-ork-elf/lib/libc.a(locale.o)
                0x0202c0a8                _setlocale_r
                0x0202c108                _localeconv_r
                0x0202c114                setlocale
                0x0202c134                localeconv
 .text          0x0202c14c      0x144 /usr/local/openravenscar/sparc-ork-elf/lib/libc.a(makebuf.o)
                0x0202c14c                __smakebuf
 .text          0x0202c290       0x58 /usr/local/openravenscar/sparc-ork-elf/lib/libc.a(mbtowc_r.o)
                0x0202c290                _mbtowc_r
 .text          0x0202c2e8       0xd4 /usr/local/openravenscar/sparc-ork-elf/lib/libc.a(memchr.o)
                0x0202c2e8                memchr
 .text          0x0202c3bc      0x110 /usr/local/openravenscar/sparc-ork-elf/lib/libc.a(memmove.o)
                0x0202c3bc                memmove
 .text          0x0202c4cc      0xd14 /usr/local/openravenscar/sparc-ork-elf/lib/libc.a(mprec.o)
                0x0202d194                _mprec_log10
                0x0202c740                _hi0bits
                0x0202c4cc                _Balloc
                0x0202cfd0                _d2b
                0x0202c8b0                _multiply
                0x0202d104                _ratio
                0x0202c680                _s2b
                0x0202c88c                _i2b
                0x0202c7c0                _lo0bits
                0x0202cc80                __mcmp
                0x0202ca9c                _pow5mult
                0x0202ce44                _ulp
                0x0202ced0                _b2d
                0x0202c59c                _multadd
                0x0202cce8                __mdiff
                0x0202cb84                _lshift
                0x0202c564                _Bfree
 .text          0x0202d1e0      0x19c /usr/local/openravenscar/sparc-ork-elf/lib/libc.a(refill.o)
                0x0202d1f4                __srefill
 .text          0x0202d37c       0x38 /usr/local/openravenscar/sparc-ork-elf/lib/libc.a(s_isinf.o)
                0x0202d37c                isinf
 .text          0x0202d3b4      0x104 /usr/local/openravenscar/sparc-ork-elf/lib/libc.a(stdio.o)
                0x0202d450                __sseek
                0x0202d3b4                __sread
                0x0202d4a0                __sclose
                0x0202d400                __swrite
 .text          0x0202d4b8      0xedc /usr/local/openravenscar/sparc-ork-elf/lib/libc.a(strtod.o)
                0x0202d4b8                _strtod_r
                0x0202e378                strtodf
                0x0202e358                strtod
 .text          0x0202e394      0x1d8 /usr/local/openravenscar/sparc-ork-elf/lib/libc.a(strtoul.o)
                0x0202e548                strtoul
                0x0202e394                _strtoul_r
 .text          0x0202e56c      0x228 /usr/local/openravenscar/sparc-ork-elf/lib/libc.a(ungetc.o)
                0x0202e61c                ungetc
                0x0202e56c                __submore
 .text          0x0202e794       0x3c /usr/local/openravenscar/sparc-ork-elf/lib/libc.a(writer.o)
                0x0202e794                _write_r
 .text          0x0202e7d0       0xa8 /usr/local/openravenscar/sparc-ork-elf/lib/libc.a(callocr.o)
                0x0202e7d0                _calloc_r
 .text          0x0202e878       0x34 /usr/local/openravenscar/sparc-ork-elf/lib/libc.a(closer.o)
                0x0202e878                _close_r
 .text          0x0202e8ac       0x38 /usr/local/openravenscar/sparc-ork-elf/lib/libc.a(fstatr.o)
                0x0202e8ac                _fstat_r
 .text          0x0202e8e4       0x3c /usr/local/openravenscar/sparc-ork-elf/lib/libc.a(lseekr.o)
                0x0202e8e4                _lseek_r
 .text          0x0202e920       0x3c /usr/local/openravenscar/sparc-ork-elf/lib/libc.a(readr.o)
                0x0202e920                _read_r
 .text          0x0202e95c      0x134 /usr/local/openravenscar/sparc-ork-elf/lib/libork.a(ada_exceptions.o)
                0x0202e95c                Instruction_Access_Exception
                0x0202ea38                Division_By_Zero
                0x0202ea0c                Stack_Overflow
                0x0202e988                Illegal_Instruction
                0x0202ea64                Integer_Overflow
                0x0202e9e0                FP_Exception
                0x0202e9b4                Address_Not_Aligned
 .text          0x0202ea90       0x1c /usr/local/openravenscar/sparc-ork-elf/lib/libork.a(close.o)
                0x0202ea90                close
 .text          0x0202eaac       0x30 /usr/local/openravenscar/sparc-ork-elf/lib/libork.a(execv.o)
                0x0202eaac                execv
 .text          0x0202eadc       0x28 /usr/local/openravenscar/sparc-ork-elf/lib/libork.a(fork.o)
                0x0202eadc                fork
 .text          0x0202eb04       0x30 /usr/local/openravenscar/sparc-ork-elf/lib/libork.a(fstat.o)
                0x0202eb04                fstat
 .text          0x0202eb34       0x30 /usr/local/openravenscar/sparc-ork-elf/lib/libork.a(getcwd.o)
                0x0202eb34                getcwd
 .text          0x0202eb64       0x30 /usr/local/openravenscar/sparc-ork-elf/lib/libork.a(getpid.o)
                0x0202eb64                getpid
                0x0202eb7c                getppid
 .text          0x0202eb94       0x84 /usr/local/openravenscar/sparc-ork-elf/lib/libork.a(isatty.o)
                0x0202eb94                isatty
 .text          0x0202ec18       0x3c /usr/local/openravenscar/sparc-ork-elf/lib/libork.a(kill.o)
                0x0202ec18                kill
 .text          0x0202ec54       0x30 /usr/local/openravenscar/sparc-ork-elf/lib/libork.a(link.o)
                0x0202ec54                link
 .text          0x0202ec84       0x34 /usr/local/openravenscar/sparc-ork-elf/lib/libork.a(lseek.o)
                0x0202ec84                lseek
 .text          0x0202ecb8       0x34 /usr/local/openravenscar/sparc-ork-elf/lib/libork.a(open.o)
                0x0202ecb8                open
 .text          0x0202ecec      0x148 /usr/local/openravenscar/sparc-ork-elf/lib/libork.a(read.o)
                0x0202ecec                read
 .text          0x0202ee34       0x34 /usr/local/openravenscar/sparc-ork-elf/lib/libork.a(readdir.o)
                0x0202ee34                readdir
 .text          0x0202ee68       0x20 /usr/local/openravenscar/sparc-ork-elf/lib/libork.a(mkdir.o)
                0x0202ee68                mkdir
 .text          0x0202ee88       0xb0 /usr/local/openravenscar/sparc-ork-elf/lib/libork.a(sbrk.o)
                0x0202ee88                sbrk
 .text          0x0202ef38       0x30 /usr/local/openravenscar/sparc-ork-elf/lib/libork.a(stat.o)
                0x0202ef38                stat
 .text          0x0202ef68       0x2c /usr/local/openravenscar/sparc-ork-elf/lib/libork.a(unlink.o)
                0x0202ef68                unlink
 .text          0x0202ef94       0x2c /usr/local/openravenscar/sparc-ork-elf/lib/libork.a(wait.o)
                0x0202ef94                wait
 .text          0x0202efc0       0xec /usr/local/openravenscar/sparc-ork-elf/lib/libork.a(write.o)
                0x0202efc0                write
 *fill*         0x0202f0ac        0x4
                0x0202f0b0                .=ALIGN(0x10)
 *(.eh_frame)
 .eh_frame      0x0202f0b0      0x11c /usr/local/openravenscar/lib/gcc-lib/sparc-ork-elf/2.8.1/adalib/libgnat.a(a-init.o)
 .eh_frame      0x0202f1cc       0x24 /usr/local/openravenscar/lib/gcc-lib/sparc-ork-elf/2.8.1/libgcc.a(__dummy.o)
 .eh_frame      0x0202f1f0       0x24 /usr/local/openravenscar/lib/gcc-lib/sparc-ork-elf/2.8.1/libgcc.a(_ashldi3.o)
 .eh_frame      0x0202f214       0x24 /usr/local/openravenscar/lib/gcc-lib/sparc-ork-elf/2.8.1/libgcc.a(_cmpdi2.o)
 .eh_frame      0x0202f238       0x2c /usr/local/openravenscar/lib/gcc-lib/sparc-ork-elf/2.8.1/libgcc.a(_divdi3.o)
 .eh_frame      0x0202f264       0x2c /usr/local/openravenscar/lib/gcc-lib/sparc-ork-elf/2.8.1/libgcc.a(_fixsfdi.o)
 .eh_frame      0x0202f290       0x2c /usr/local/openravenscar/lib/gcc-lib/sparc-ork-elf/2.8.1/libgcc.a(_fixunsdfdi.o)
 .eh_frame      0x0202f2bc       0x2c /usr/local/openravenscar/lib/gcc-lib/sparc-ork-elf/2.8.1/libgcc.a(_fixunssfdi.o)
 .eh_frame      0x0202f2e8       0x28 /usr/local/openravenscar/lib/gcc-lib/sparc-ork-elf/2.8.1/libgcc.a(_floatdidf.o)
 .eh_frame      0x0202f310       0x28 /usr/local/openravenscar/lib/gcc-lib/sparc-ork-elf/2.8.1/libgcc.a(_floatdisf.o)
 .eh_frame      0x0202f338       0x24 /usr/local/openravenscar/lib/gcc-lib/sparc-ork-elf/2.8.1/libgcc.a(_lshrdi3.o)
 .eh_frame      0x0202f35c       0x2c /usr/local/openravenscar/lib/gcc-lib/sparc-ork-elf/2.8.1/libgcc.a(_muldi3.o)
 .eh_frame      0x0202f388       0x2c /usr/local/openravenscar/lib/gcc-lib/sparc-ork-elf/2.8.1/libgcc.a(_udivdi3.o)
 .eh_frame      0x0202f3b4       0x2c /usr/local/openravenscar/lib/gcc-lib/sparc-ork-elf/2.8.1/libgcc.a(_umoddi3.o)
 .eh_frame      0x0202f3e0      0x11c /usr/local/openravenscar/lib/gcc-lib/sparc-ork-elf/2.8.1/libgcc.a(frame.o)
 *fill*         0x0202f4fc        0x4
                0x0202f500                .=ALIGN(0x10)
 *(.rodata)
 .rodata        0x0202f500      0x23c ./devices.o
 *fill*         0x0202f73c        0x4
 .rodata        0x0202f740       0x4c ./workload.o
 *fill*         0x0202f78c        0x4
 .rodata        0x0202f790       0x52 ./tools.o
 *fill*         0x0202f7e2        0x6
 .rodata        0x0202f7e8      0x42f ./add.o
 *fill*         0x0202fc17        0x1
 .rodata        0x0202fc18        0x8 /usr/local/openravenscar/lib/gcc-lib/sparc-ork-elf/2.8.1/adalib/libgnarl.a(a-reatim.o)
 .rodata        0x0202fc20        0x8 /usr/local/openravenscar/lib/gcc-lib/sparc-ork-elf/2.8.1/adalib/libgnarl.a(a-retide.o)
 .rodata        0x0202fc28       0x24 /usr/local/openravenscar/lib/gcc-lib/sparc-ork-elf/2.8.1/adalib/libgnarl.a(s-taprob.o)
 *fill*         0x0202fc4c        0x4
 .rodata        0x0202fc50       0xd0 /usr/local/openravenscar/lib/gcc-lib/sparc-ork-elf/2.8.1/adalib/libgnarl.a(s-taprop.o)
 .rodata        0x0202fd20       0x50 /usr/local/openravenscar/lib/gcc-lib/sparc-ork-elf/2.8.1/adalib/libgnarl.a(s-tarest.o)
 .rodata        0x0202fd70      0x14a /usr/local/openravenscar/lib/gcc-lib/sparc-ork-elf/2.8.1/adalib/libgnarl.a(s-tasdeb.o)
 *fill*         0x0202feba        0x2
 .rodata        0x0202febc      0x300 /usr/local/openravenscar/lib/gcc-lib/sparc-ork-elf/2.8.1/adalib/libgnarl.a(s-taskin.o)
 .rodata        0x020301bc        0x8 /usr/local/openravenscar/lib/gcc-lib/sparc-ork-elf/2.8.1/adalib/libgnarl.a(kernel-interrupts.o)
 .rodata        0x020301c4        0x4 /usr/local/openravenscar/lib/gcc-lib/sparc-ork-elf/2.8.1/adalib/libgnarl.a(kernel-threads-queues.o)
 .rodata        0x020301c8       0x7c /usr/local/openravenscar/lib/gcc-lib/sparc-ork-elf/2.8.1/adalib/libgnarl.a(kernel-peripherals.o)
 *fill*         0x02030244        0x4
 .rodata        0x02030248      0x184 /usr/local/openravenscar/lib/gcc-lib/sparc-ork-elf/2.8.1/adalib/libgnat.a(a-except.o)
 *fill*         0x020303cc        0x4
 .rodata        0x020303d0        0xd /usr/local/openravenscar/lib/gcc-lib/sparc-ork-elf/2.8.1/adalib/libgnat.a(a-finali.o)
 *fill*         0x020303dd        0x3
 .rodata        0x020303e0      0x82c /usr/local/openravenscar/lib/gcc-lib/sparc-ork-elf/2.8.1/adalib/libgnat.a(a-nuelfu.o)
 *fill*         0x02030c0c        0x4
 .rodata        0x02030c10       0x42 /usr/local/openravenscar/lib/gcc-lib/sparc-ork-elf/2.8.1/adalib/libgnat.a(a-tags.o)
 *fill*         0x02030c52        0x6
 .rodata        0x02030c58        0xd /usr/local/openravenscar/lib/gcc-lib/sparc-ork-elf/2.8.1/adalib/libgnat.a(g-except.o)
 *fill*         0x02030c65        0x3
 .rodata        0x02030c68       0xab /usr/local/openravenscar/lib/gcc-lib/sparc-ork-elf/2.8.1/adalib/libgnat.a(i-c.o)
 *fill*         0x02030d13        0x5
 .rodata        0x02030d18       0x24 /usr/local/openravenscar/lib/gcc-lib/sparc-ork-elf/2.8.1/adalib/libgnat.a(s-arit64.o)
 *fill*         0x02030d3c        0x4
 .rodata        0x02030d40        0x5 /usr/local/openravenscar/lib/gcc-lib/sparc-ork-elf/2.8.1/adalib/libgnat.a(s-exctab.o)
 *fill*         0x02030d45        0x3
 .rodata        0x02030d48       0x40 /usr/local/openravenscar/lib/gcc-lib/sparc-ork-elf/2.8.1/adalib/libgnat.a(s-exnflt.o)
 .rodata        0x02030d88       0xd0 /usr/local/openravenscar/lib/gcc-lib/sparc-ork-elf/2.8.1/adalib/libgnat.a(s-fatflt.o)
                0x02030dc0                system__fat_flt__fat_float__r_neg_power
                0x02030d88                system__fat_flt__fat_float__log_power
                0x02030da4                system__fat_flt__fat_float__r_power
 .rodata        0x02030e58       0x68 /usr/local/openravenscar/lib/gcc-lib/sparc-ork-elf/2.8.1/adalib/libgnat.a(s-finimp.o)
 .rodata        0x02030ec0       0x47 /usr/local/openravenscar/lib/gcc-lib/sparc-ork-elf/2.8.1/adalib/libgnat.a(s-finroo.o)
 *fill*         0x02030f07        0x1